Component: ARM Compiler 5.05 update 2 (build 169) Tool: armlink [4d0f33]

==============================================================================

Section Cross References

    main.o(i.main) refers to system.o(i.systemInit) for systemInit
    main.o(i.main) refers to tasks.o(i.xTaskCreate) for xTaskCreate
    main.o(i.main) refers to tasks.o(i.vTaskStartScheduler) for vTaskStartScheduler
    main.o(i.main) refers to main.o(.data) for .data
    main.o(i.main) refers to main.o(i.start_task) for start_task
    main.o(i.start_task) refers to port.o(i.vPortEnterCritical) for vPortEnterCritical
    main.o(i.start_task) refers to event_groups.o(i.xEventGroupCreate) for xEventGroupCreate
    main.o(i.start_task) refers to tasks.o(i.xTaskCreate) for xTaskCreate
    main.o(i.start_task) refers to tasks.o(i.vTaskDelete) for vTaskDelete
    main.o(i.start_task) refers to port.o(i.vPortExitCritical) for vPortExitCritical
    main.o(i.start_task) refers to main.o(.data) for .data
    main.o(i.start_task) refers to control.o(i.Control_task) for Control_task
    main.o(i.start_task) refers to show.o(i.show_task) for show_task
    main.o(i.start_task) refers to led.o(i.led_task) for led_task
    main.o(i.start_task) refers to usartx.o(i.data_task) for data_task
    main.o(i.start_task) refers to timer.o(i.iwdg_task) for iwdg_task
    system_stm32f4xx.o(i.SystemCoreClockUpdate) refers to system_stm32f4xx.o(.data) for .data
    system_stm32f4xx.o(i.SystemInit) refers to system_stm32f4xx.o(i.SetSysClock) for SetSysClock
    can.o(i.CAN1_Mode_Init) refers to stm32f4xx_rcc.o(i.RCC_AHB1PeriphClockCmd) for RCC_AHB1PeriphClockCmd
    can.o(i.CAN1_Mode_Init) refers to stm32f4xx_rcc.o(i.RCC_APB1PeriphClockCmd) for RCC_APB1PeriphClockCmd
    can.o(i.CAN1_Mode_Init) refers to stm32f4xx_gpio.o(i.GPIO_Init) for GPIO_Init
    can.o(i.CAN1_Mode_Init) refers to stm32f4xx_gpio.o(i.GPIO_PinAFConfig) for GPIO_PinAFConfig
    can.o(i.CAN1_Mode_Init) refers to stm32f4xx_can.o(i.CAN_FilterInit) for CAN_FilterInit
    can.o(i.CAN1_Mode_Init) refers to misc.o(i.NVIC_Init) for NVIC_Init
    can.o(i.CAN1_Mode_Init) refers to stm32f4xx_can.o(i.CAN_ITConfig) for CAN_ITConfig
    can.o(i.CAN1_RX0_IRQHandler) refers to can.o(i.CAN1_Rx_Msg) for CAN1_Rx_Msg
    can.o(i.CAN1_RX0_IRQHandler) refers to usartx.o(i.usart3_send) for usart3_send
    can.o(i.CAN1_RX0_IRQHandler) refers to control.o(.data) for command_lost_count
    can.o(i.CAN1_Receive_Msg) refers to can.o(i.CAN1_Msg_Pend) for CAN1_Msg_Pend
    can.o(i.CAN1_Receive_Msg) refers to can.o(i.CAN1_Rx_Msg) for CAN1_Rx_Msg
    can.o(i.CAN1_Send_E_Num) refers to can.o(i.CAN1_Tx_Msg) for CAN1_Tx_Msg
    can.o(i.CAN1_Send_E_Num) refers to can.o(i.CAN1_Tx_Staus) for CAN1_Tx_Staus
    can.o(i.CAN1_Send_Msg) refers to can.o(i.CAN1_Tx_Msg) for CAN1_Tx_Msg
    can.o(i.CAN1_Send_Msg) refers to can.o(i.CAN1_Tx_Staus) for CAN1_Tx_Staus
    can.o(i.CAN1_Send_MsgTEST) refers to can.o(i.CAN1_Tx_Msg) for CAN1_Tx_Msg
    can.o(i.CAN1_Send_MsgTEST) refers to can.o(i.CAN1_Tx_Staus) for CAN1_Tx_Staus
    can.o(i.CAN1_Send_Num) refers to can.o(i.CAN1_Tx_Msg) for CAN1_Tx_Msg
    can.o(i.CAN1_Send_Num) refers to can.o(i.CAN1_Tx_Staus) for CAN1_Tx_Staus
    usartx.o(i.CAN_SEND) refers to can.o(i.CAN1_Send_Num) for CAN1_Send_Num
    usartx.o(i.CAN_SEND) refers to usartx.o(.bss) for .bss
    usartx.o(i.Check_Sum) refers to usartx.o(.bss) for .bss
    usartx.o(i.USART3_IRQHandler) refers to stm32f4xx_usart.o(i.USART_GetITStatus) for USART_GetITStatus
    usartx.o(i.USART3_IRQHandler) refers to stm32f4xx_usart.o(i.USART_ReceiveData) for USART_ReceiveData
    usartx.o(i.USART3_IRQHandler) refers to can.o(i.CAN1_Send_Num) for CAN1_Send_Num
    usartx.o(i.USART3_IRQHandler) refers to usartx.o(i.usart3_send) for usart3_send
    usartx.o(i.USART3_IRQHandler) refers to usartx.o(.bss) for .bss
    usartx.o(i.USART3_IRQHandler) refers to usartx.o(.data) for .data
    usartx.o(i.USART3_SEND) refers to usartx.o(i.usart3_send) for usart3_send
    usartx.o(i.USART3_SEND) refers to usartx.o(.bss) for .bss
    usartx.o(i.data_task) refers to delay.o(i.getSysTickCnt) for getSysTickCnt
    usartx.o(i.data_task) refers to tasks.o(i.vTaskDelayUntil) for vTaskDelayUntil
    usartx.o(i.data_task) refers to usartx.o(i.data_transition) for data_transition
    usartx.o(i.data_task) refers to usartx.o(i.CAN_SEND) for CAN_SEND
    usartx.o(i.data_task) refers to event_groups.o(i.xEventGroupSetBits) for xEventGroupSetBits
    usartx.o(i.data_task) refers to main.o(.data) for EventGroupHandler
    usartx.o(i.data_transition) refers to usartx.o(i.Check_Sum) for Check_Sum
    usartx.o(i.data_transition) refers to usartx.o(.bss) for .bss
    usartx.o(i.uart4_init) refers to stm32f4xx_rcc.o(i.RCC_AHB1PeriphClockCmd) for RCC_AHB1PeriphClockCmd
    usartx.o(i.uart4_init) refers to stm32f4xx_rcc.o(i.RCC_APB1PeriphClockCmd) for RCC_APB1PeriphClockCmd
    usartx.o(i.uart4_init) refers to stm32f4xx_gpio.o(i.GPIO_PinAFConfig) for GPIO_PinAFConfig
[...]
    ..\\FreeRTOS\\queue.c                    0x00000000   Number         0  queue.o ABSOLUTE
    ..\\FreeRTOS\\tasks.c                    0x00000000   Number         0  tasks.o ABSOLUTE
    ..\\FreeRTOS\\timers.c                   0x00000000   Number         0  timers.o ABSOLUTE
    ..\\HARDWARE\\can.c                      0x00000000   Number         0  can.o ABSOLUTE
    ..\\HARDWARE\\led.c                      0x00000000   Number         0  led.o ABSOLUTE
    ..\\HARDWARE\\oled.c                     0x00000000   Number         0  oled.o ABSOLUTE
    ..\\HARDWARE\\timer.c                    0x00000000   Number         0  timer.o ABSOLUTE
    ..\\HARDWARE\\usartx.c                   0x00000000   Number         0  usartx.o ABSOLUTE
    ..\\SYSTEM\\delay\\delay.c               0x00000000   Number         0  delay.o ABSOLUTE
    ..\\SYSTEM\\sys\\sys.c                   0x00000000   Number         0  sys.o ABSOLUTE
    ..\\SYSTEM\\usart\\usart.c               0x00000000   Number         0  usart.o ABSOLUTE
    cdrcmple.s                               0x00000000   Number         0  cdrcmple.o ABSOLUTE
    dc.s                                     0x00000000   Number         0  dc.o ABSOLUTE
    handlers.s                               0x00000000   Number         0  handlers.o ABSOLUTE
    init.s                                   0x00000000   Number         0  init.o ABSOLUTE
    main.c                                   0x00000000   Number         0  main.o ABSOLUTE
    main.c                                   0x00000000   Number         0  main.o ABSOLUTE
    stm32f4xx_it.c                           0x00000000   Number         0  stm32f4xx_it.o ABSOLUTE
    stm32f4xx_it.c                           0x00000000   Number         0  stm32f4xx_it.o ABSOLUTE
    system_stm32f4xx.c                       0x00000000   Number         0  system_stm32f4xx.o ABSOLUTE
    system_stm32f4xx.c                       0x00000000   Number         0  system_stm32f4xx.o ABSOLUTE
    RESET                                    0x08000000   Section      392  startup_stm32f40_41xxx.o(RESET)
    .ARM.Collect$$$$00000000                 0x08000188   Section        0  entry.o(.ARM.Collect$$$$00000000)
    .ARM.Collect$$$$00000001                 0x08000188   Section        4  entry2.o(.ARM.Collect$$$$00000001)
    .ARM.Collect$$$$00000004                 0x0800018c   Section        4  entry5.o(.ARM.Collect$$$$00000004)
    .ARM.Collect$$$$00000008                 0x08000190   Section        0  entry7b.o(.ARM.Collect$$$$00000008)
    .ARM.Collect$$$$0000000A                 0x08000190   Section        0  entry8b.o(.ARM.Collect$$$$0000000A)
    .ARM.Collect$$$$0000000B                 0x08000190   Section        8  entry9a.o(.ARM.Collect$$$$0000000B)
    .ARM.Collect$$$$0000000D                 0x08000198   Section        0  entry10a.o(.ARM.Collect$$$$0000000D)
    .ARM.Collect$$$$0000000F                 0x08000198   Section        0  entry11a.o(.ARM.Collect$$$$0000000F)
    .ARM.Collect$$$$00002712                 0x08000198   Section        4  entry2.o(.ARM.Collect$$$$00002712)
    __lit__00000000                          0x08000198   Data           4  entry2.o(.ARM.Collect$$$$00002712)
    .emb_text                                0x0800019c   Section      182  port.o(.emb_text)
    $v0                                      0x0800019c   Number         0  port.o(.emb_text)
    .text                                    0x08000254   Section       36  startup_stm32f40_41xxx.o(.text)
    $v0                                      0x08000254   Number         0  startup_stm32f40_41xxx.o(.text)
    .text                                    0x08000278   Section        0  memcpya.o(.text)
    .text                                    0x0800029c   Section        0  memseta.o(.text)
    .text                                    0x080002c0   Section        0  dmul.o(.text)
    .text                                    0x080003a4   Section        0  dflti.o(.text)
    .text                                    0x080003c6   Section        0  dfixi.o(.text)
    .text                                    0x08000404   Section        0  uidiv.o(.text)
    .text                                    0x08000430   Section        0  llushr.o(.text)
    .text                                    0x08000450   Section        0  depilogue.o(.text)
    .text                                    0x08000450   Section        0  iusefp.o(.text)
    .text                                    0x0800050c   Section       36  init.o(.text)
    .text                                    0x08000530   Section        0  llshl.o(.text)
    i.BusFault_Handler                       0x0800054e   Section        0  stm32f4xx_it.o(i.BusFault_Handler)
    i.Buzzer_Init                            0x08000550   Section        0  led.o(i.Buzzer_Init)
    i.CAN1_Mode_Init                         0x08000584   Section        0  can.o(i.CAN1_Mode_Init)
    i.CAN1_RX0_IRQHandler                    0x08000754   Section        0  can.o(i.CAN1_RX0_IRQHandler)
    i.CAN1_Rx_Msg                            0x080007a4   Section        0  can.o(i.CAN1_Rx_Msg)
    i.CAN1_Send_Num                          0x08000838   Section        0  can.o(i.CAN1_Send_Num)
    i.CAN1_Tx_Msg                            0x08000870   Section        0  can.o(i.CAN1_Tx_Msg)
    i.CAN1_Tx_Staus                          0x080008ec   Section        0  can.o(i.CAN1_Tx_Staus)
    i.CAN_FilterInit                         0x08000950   Section        0  stm32f4xx_can.o(i.CAN_FilterInit)
    i.CAN_ITConfig                           0x08000a1c   Section        0  stm32f4xx_can.o(i.CAN_ITConfig)
    i.CAN_SEND                               0x08000a2c   Section        0  usartx.o(i.CAN_SEND)
    i.Check_Sum                              0x08000a64   Section        0  usartx.o(i.Check_Sum)
    i.Control_task                           0x08000a80   Section        0  control.o(i.Control_task)
    i.DIR_Init                               0x08000ac4   Section        0  control.o(i.DIR_Init)
    i.DebugMon_Handler                       0x08000af8   Section        0  stm32f4xx_it.o(i.DebugMon_Handler)
    i.GPIO_Init                              0x08000afa   Section        0  stm32f4xx_gpio.o(i.GPIO_Init)
    i.GPIO_PinAFConfig                       0x08000b72   Section        0  stm32f4xx_gpio.o(i.GPIO_PinAFConfig)
    i.GPIO_ResetBits                         0x08000b92   Section        0  stm32f4xx_gpio.o(i.GPIO_ResetBits)
    i.GPIO_SetBits                           0x08000b96   Section        0  stm32f4xx_gpio.o(i.GPIO_SetBits)
    i.HardFault_Handler                      0x08000b9a   Section        0  stm32f4xx_it.o(i.HardFault_Handler)
    i.IWDG_Config                            0x08000b9c   Section        0  timer.o(i.IWDG_Config)
    i.IWDG_Enable                            0x08000bbc   Section        0  stm32f4xx_iwdg.o(i.IWDG_Enable)
    i.IWDG_ReloadCounter                     0x08000bcc   Section        0  stm32f4xx_iwdg.o(i.IWDG_ReloadCounter)
    i.IWDG_SetPrescaler                      0x08000bdc   Section        0  stm32f4xx_iwdg.o(i.IWDG_SetPrescaler)
    i.IWDG_SetReload                         0x08000be8   Section        0  stm32f4xx_iwdg.o(i.IWDG_SetReload)
    i.IWDG_WriteAccessCmd                    0x08000bf4   Section        0  stm32f4xx_iwdg.o(i.IWDG_WriteAccessCmd)
    i.LED_Init                               0x08000c00   Section        0  led.o(i.LED_Init)
    i.MemManage_Handler                      0x08000c54   Section        0  stm32f4xx_it.o(i.MemManage_Handler)
    i.NMI_Handler                            0x08000c56   Section        0  stm32f4xx_it.o(i.NMI_Handler)
    i.NVIC_Init                              0x08000c58   Section        0  misc.o(i.NVIC_Init)
    i.NVIC_PriorityGroupConfig               0x08000cbc   Section        0  misc.o(i.NVIC_PriorityGroupConfig)
    i.OLED_Clear                             0x08000cd0   Section        0  oled.o(i.OLED_Clear)
    i.OLED_DrawPoint                         0x08000cfc   Section        0  oled.o(i.OLED_DrawPoint)
    i.OLED_Init                              0x08000d38   Section        0  oled.o(i.OLED_Init)
    i.OLED_Refresh_Gram                      0x08000e64   Section        0  oled.o(i.OLED_Refresh_Gram)
    i.OLED_ShowChar                          0x08000eac   Section        0  oled.o(i.OLED_ShowChar)
    i.OLED_ShowNumber                        0x08000f30   Section        0  oled.o(i.OLED_ShowNumber)
    i.OLED_ShowString                        0x08000fa8   Section        0  oled.o(i.OLED_ShowString)
    i.OLED_WR_Byte                           0x08000fe8   Section        0  oled.o(i.OLED_WR_Byte)
    i.PWR_BackupAccessCmd                    0x0800102c   Section        0  stm32f4xx_pwr.o(i.PWR_BackupAccessCmd)
    i.RCC_AHB1PeriphClockCmd                 0x08001038   Section        0  stm32f4xx_rcc.o(i.RCC_AHB1PeriphClockCmd)
    i.RCC_APB1PeriphClockCmd                 0x08001050   Section        0  stm32f4xx_rcc.o(i.RCC_APB1PeriphClockCmd)
    i.RCC_APB2PeriphClockCmd                 0x08001068   Section        0  stm32f4xx_rcc.o(i.RCC_APB2PeriphClockCmd)
    i.RCC_GetClocksFreq                      0x08001080   Section        0  stm32f4xx_rcc.o(i.RCC_GetClocksFreq)
    i.RCC_LSEConfig                          0x08001110   Section        0  stm32f4xx_rcc.o(i.RCC_LSEConfig)
    i.Remote_control                         0x0800112c   Section        0  control.o(i.Remote_control)
    i.Ros_control                            0x080012f4   Section        0  control.o(i.Ros_control)
    i.SetSysClock                            0x080013c8   Section        0  system_stm32f4xx.o(i.SetSysClock)
    SetSysClock                              0x080013c9   Thumb Code   162  system_stm32f4xx.o(i.SetSysClock)
    i.SysTick_CLKSourceConfig                0x0800147c   Section        0  misc.o(i.SysTick_CLKSourceConfig)
    i.SysTick_Handler                        0x08001494   Section        0  delay.o(i.SysTick_Handler)
    i.SystemInit                             0x080014a8   Section        0  system_stm32f4xx.o(i.SystemInit)
    i.TIM_ARRPreloadConfig                   0x08001504   Section        0  stm32f4xx_tim.o(i.TIM_ARRPreloadConfig)
    i.TIM_Cmd                                0x08001518   Section        0  stm32f4xx_tim.o(i.TIM_Cmd)
    i.TIM_CtrlPWMOutputs                     0x0800152c   Section        0  stm32f4xx_tim.o(i.TIM_CtrlPWMOutputs)
    i.TIM_OC1Init                            0x08001544   Section        0  stm32f4xx_tim.o(i.TIM_OC1Init)
    i.TIM_OC1PreloadConfig                   0x080015a4   Section        0  stm32f4xx_tim.o(i.TIM_OC1PreloadConfig)
    i.TIM_SetCompare1                        0x080015b0   Section        0  stm32f4xx_tim.o(i.TIM_SetCompare1)
    i.TIM_TimeBaseInit                       0x080015b4   Section        0  stm32f4xx_tim.o(i.TIM_TimeBaseInit)
    i.Tim_PUL_Init                           0x08001630   Section        0  timer.o(i.Tim_PUL_Init)
    i.UART4_IRQHandler                       0x080016d4   Section        0  usartx.o(i.UART4_IRQHandler)
    i.UART5_IRQHandler                       0x080016d8   Section        0  usart.o(i.UART5_IRQHandler)
    i.USART1_IRQHandler                      0x080017c0   Section        0  usartx.o(i.USART1_IRQHandler)
    i.USART2_IRQHandler                      0x080017c4   Section        0  usartx.o(i.USART2_IRQHandler)
    i.USART3_IRQHandler                      0x080017c8   Section        0  usartx.o(i.USART3_IRQHandler)
    i.USART_Cmd                              0x08001858   Section        0  stm32f4xx_usart.o(i.USART_Cmd)
    i.USART_GetITStatus                      0x0800186c   Section        0  stm32f4xx_usart.o(i.USART_GetITStatus)
    i.USART_ITConfig                         0x080018aa   Section        0  stm32f4xx_usart.o(i.USART_ITConfig)
    i.USART_Init                             0x080018dc   Section        0  stm32f4xx_usart.o(i.USART_Init)
    i.USART_ReceiveData                      0x08001988   Section        0  stm32f4xx_usart.o(i.USART_ReceiveData)
    i.UsageFault_Handler                     0x08001990   Section        0  stm32f4xx_it.o(i.UsageFault_Handler)
    i.Variable_detection                     0x08001994   Section        0  control.o(i.Variable_detection)
    i.__0printf$3                            0x080019b8   Section        0  printf3.o(i.__0printf$3)
    i.__scatterload_copy                     0x080019d8   Section       14  handlers.o(i.__scatterload_copy)
    i.__scatterload_null                     0x080019e6   Section        2  handlers.o(i.__scatterload_null)
    i.__scatterload_zeroinit                 0x080019e8   Section       14  handlers.o(i.__scatterload_zeroinit)
    i._printf_core                           0x080019f8   Section        0  printf3.o(i._printf_core)
    _printf_core                             0x080019f9   Thumb Code   436  printf3.o(i._printf_core)
    i.data_task                              0x08001bb0   Section        0  usartx.o(i.data_task)
    i.data_transition                        0x08001bd8   Section        0  usartx.o(i.data_transition)
    i.delay_init                             0x08001cb8   Section        0  delay.o(i.delay_init)
    i.delay_ms                               0x08001cf0   Section        0  delay.o(i.delay_ms)
    i.delay_us                               0x08001d28   Section        0  delay.o(i.delay_us)
    i.fputc                                  0x08001d5c   Section        0  usart.o(i.fputc)
    i.getSysTickCnt                          0x08001d70   Section        0  delay.o(i.getSysTickCnt)
    i.iwdg_task                              0x08001d8c   Section        0  timer.o(i.iwdg_task)
    i.led_task                               0x08001db0   Section        0  led.o(i.led_task)
    i.main                                   0x08001e08   Section        0  main.o(i.main)
    i.oled_pow                               0x08001e40   Section        0  oled.o(i.oled_pow)
    i.oled_show                              0x08001e50   Section        0  show.o(i.oled_show)
    i.prvAddCurrentTaskToDelayedList         0x080020d8   Section        0  tasks.o(i.prvAddCurrentTaskToDelayedList)
    prvAddCurrentTaskToDelayedList           0x080020d9   Thumb Code   102  tasks.o(i.prvAddCurrentTaskToDelayedList)
    i.prvAddNewTaskToReadyList               0x08002148   Section        0  tasks.o(i.prvAddNewTaskToReadyList)
    prvAddNewTaskToReadyList                 0x08002149   Thumb Code   192  tasks.o(i.prvAddNewTaskToReadyList)
    i.prvCheckForValidListAndQueue           0x08002218   Section        0  timers.o(i.prvCheckForValidListAndQueue)
    prvCheckForValidListAndQueue             0x08002219   Thumb Code    62  timers.o(i.prvCheckForValidListAndQueue)
    i.prvCheckTasksWaitingTermination        0x08002268   Section        0  tasks.o(i.prvCheckTasksWaitingTermination)
    prvCheckTasksWaitingTermination          0x08002269   Thumb Code    74  tasks.o(i.prvCheckTasksWaitingTermination)
    i.prvCopyDataFromQueue                   0x080022bc   Section        0  queue.o(i.prvCopyDataFromQueue)
    prvCopyDataFromQueue                     0x080022bd   Thumb Code    38  queue.o(i.prvCopyDataFromQueue)
    i.prvCopyDataToQueue                     0x080022e2   Section        0  queue.o(i.prvCopyDataToQueue)
    prvCopyDataToQueue                       0x080022e3   Thumb Code   108  queue.o(i.prvCopyDataToQueue)
    i.prvDeleteTCB                           0x0800234e   Section        0  tasks.o(i.prvDeleteTCB)
    prvDeleteTCB                             0x0800234f   Thumb Code    20  tasks.o(i.prvDeleteTCB)
    i.prvHeapInit                            0x08002364   Section        0  heap_4.o(i.prvHeapInit)
    prvHeapInit                              0x08002365   Thumb Code    66  heap_4.o(i.prvHeapInit)
    i.prvIdleTask                            0x080023b0   Section        0  tasks.o(i.prvIdleTask)
    prvIdleTask                              0x080023b1   Thumb Code    30  tasks.o(i.prvIdleTask)
    i.prvInitialiseNewTask                   0x080023d8   Section        0  tasks.o(i.prvInitialiseNewTask)
    prvInitialiseNewTask                     0x080023d9   Thumb Code   154  tasks.o(i.prvInitialiseNewTask)
    i.prvInsertBlockIntoFreeList             0x08002498   Section        0  heap_4.o(i.prvInsertBlockIntoFreeList)
    prvInsertBlockIntoFreeList               0x08002499   Thumb Code    72  heap_4.o(i.prvInsertBlockIntoFreeList)
    i.prvInsertTimerInActiveList             0x080024e4   Section        0  timers.o(i.prvInsertTimerInActiveList)
    prvInsertTimerInActiveList               0x080024e5   Thumb Code    52  timers.o(i.prvInsertTimerInActiveList)
    i.prvIsQueueEmpty                        0x0800251c   Section        0  queue.o(i.prvIsQueueEmpty)
    prvIsQueueEmpty                          0x0800251d   Thumb Code    26  queue.o(i.prvIsQueueEmpty)
    i.prvNotifyQueueSetContainer             0x08002538   Section        0  queue.o(i.prvNotifyQueueSetContainer)
    prvNotifyQueueSetContainer               0x08002539   Thumb Code   108  queue.o(i.prvNotifyQueueSetContainer)
    i.prvProcessExpiredTimer                 0x080025c8   Section        0  timers.o(i.prvProcessExpiredTimer)
    prvProcessExpiredTimer                   0x080025c9   Thumb Code    86  timers.o(i.prvProcessExpiredTimer)
    i.prvProcessReceivedCommands             0x08002628   Section        0  timers.o(i.prvProcessReceivedCommands)
    prvProcessReceivedCommands               0x08002629   Thumb Code   196  timers.o(i.prvProcessReceivedCommands)
    i.prvProcessTimerOrBlockTask             0x08002718   Section        0  timers.o(i.prvProcessTimerOrBlockTask)
    prvProcessTimerOrBlockTask               0x08002719   Thumb Code    98  timers.o(i.prvProcessTimerOrBlockTask)
    i.prvResetNextTaskUnblockTime            0x08002784   Section        0  tasks.o(i.prvResetNextTaskUnblockTime)
    prvResetNextTaskUnblockTime              0x08002785   Thumb Code    26  tasks.o(i.prvResetNextTaskUnblockTime)
    i.prvSampleTimeNow                       0x080027a4   Section        0  timers.o(i.prvSampleTimeNow)
    prvSampleTimeNow                         0x080027a5   Thumb Code    36  timers.o(i.prvSampleTimeNow)
    i.prvSwitchTimerLists                    0x080027cc   Section        0  timers.o(i.prvSwitchTimerLists)
    prvSwitchTimerLists                      0x080027cd   Thumb Code   100  timers.o(i.prvSwitchTimerLists)
    i.prvTaskExitError                       0x08002838   Section        0  port.o(i.prvTaskExitError)
    prvTaskExitError                         0x08002839   Thumb Code    36  port.o(i.prvTaskExitError)
    i.prvTestWaitCondition                   0x0800289c   Section        0  event_groups.o(i.prvTestWaitCondition)
    prvTestWaitCondition                     0x0800289d   Thumb Code    20  event_groups.o(i.prvTestWaitCondition)
    i.prvTimerTask                           0x080028b0   Section        0  timers.o(i.prvTimerTask)
    prvTimerTask                             0x080028b1   Thumb Code    34  timers.o(i.prvTimerTask)
    i.prvUnlockQueue                         0x080028d8   Section        0  queue.o(i.prvUnlockQueue)
    prvUnlockQueue                           0x080028d9   Thumb Code   120  queue.o(i.prvUnlockQueue)
    i.pvPortMalloc                           0x08002950   Section        0  heap_4.o(i.pvPortMalloc)
    i.pvTaskIncrementMutexHeldCount          0x08002a64   Section        0  tasks.o(i.pvTaskIncrementMutexHeldCount)
    i.pxPortInitialiseStack                  0x08002a7c   Section        0  port.o(i.pxPortInitialiseStack)
    i.sbus_to                                0x08002aa8   Section        0  usart.o(i.sbus_to)
    i.show_task                              0x08002aec   Section        0  show.o(i.show_task)
    i.start_task                             0x08002b94   Section        0  main.o(i.start_task)
    i.systemInit                             0x08002c68   Section        0  system.o(i.systemInit)
    i.uart5_init                             0x08002cc4   Section        0  usart.o(i.uart5_init)
    i.update_sbus                            0x08002d6c   Section        0  usart.o(i.update_sbus)
    i.usart1_init                            0x08002e70   Section        0  usartx.o(i.usart1_init)
    i.usart3_init                            0x08002f1c   Section        0  usartx.o(i.usart3_init)
    i.usart3_send                            0x08002fcc   Section        0  usartx.o(i.usart3_send)
    i.uxListRemove                           0x08002fe0   Section        0  list.o(i.uxListRemove)
    i.uxTaskResetEventItemValue              0x08003004   Section        0  tasks.o(i.uxTaskResetEventItemValue)
    i.vListInitialise                        0x0800301c   Section        0  list.o(i.vListInitialise)
    i.vListInitialiseItem                    0x08003032   Section        0  list.o(i.vListInitialiseItem)
    i.vListInsert                            0x08003038   Section        0  list.o(i.vListInsert)
    i.vListInsertEnd                         0x08003068   Section        0  list.o(i.vListInsertEnd)
    i.vPortEnterCritical                     0x08003080   Section        0  port.o(i.vPortEnterCritical)
    i.vPortExitCritical                      0x080030f8   Section        0  port.o(i.vPortExitCritical)
    i.vPortFree                              0x0800315c   Section        0  heap_4.o(i.vPortFree)
    i.vPortSetupTimerInterrupt               0x080031f8   Section        0  port.o(i.vPortSetupTimerInterrupt)
    i.vPortValidateInterruptPriority         0x08003218   Section        0  port.o(i.vPortValidateInterruptPriority)
    i.vQueueAddToRegistry                    0x080032a4   Section        0  queue.o(i.vQueueAddToRegistry)
    i.vQueueWaitForMessageRestricted         0x080032c8   Section        0  queue.o(i.vQueueWaitForMessageRestricted)
    i.vTaskDelay                             0x0800330c   Section        0  tasks.o(i.vTaskDelay)
    i.vTaskDelayUntil                        0x08003378   Section        0  tasks.o(i.vTaskDelayUntil)
    i.vTaskDelete                            0x08003424   Section        0  tasks.o(i.vTaskDelete)
    i.vTaskMissedYield                       0x080034f0   Section        0  tasks.o(i.vTaskMissedYield)
    i.vTaskPlaceOnEventList                  0x080034fc   Section        0  tasks.o(i.vTaskPlaceOnEventList)
    i.vTaskPlaceOnEventListRestricted        0x08003550   Section        0  tasks.o(i.vTaskPlaceOnEventListRestricted)
    i.vTaskPlaceOnUnorderedEventList         0x080035ac   Section        0  tasks.o(i.vTaskPlaceOnUnorderedEventList)
    i.vTaskPriorityInherit                   0x0800361c   Section        0  tasks.o(i.vTaskPriorityInherit)
    i.vTaskSetTimeOutState                   0x080036a0   Section        0  tasks.o(i.vTaskSetTimeOutState)
    i.vTaskStartScheduler                    0x080036e8   Section        0  tasks.o(i.vTaskStartScheduler)
    i.vTaskSuspendAll                        0x0800377c   Section        0  tasks.o(i.vTaskSuspendAll)
    i.vTaskSwitchContext                     0x0800378c   Section        0  tasks.o(i.vTaskSwitchContext)
    i.xEventGroupCreate                      0x08003808   Section        0  event_groups.o(i.xEventGroupCreate)
    i.xEventGroupSetBits                     0x08003824   Section        0  event_groups.o(i.xEventGroupSetBits)
    i.xEventGroupWaitBits                    0x080038d4   Section        0  event_groups.o(i.xEventGroupWaitBits)
    i.xPortStartScheduler                    0x080039f4   Section        0  port.o(i.xPortStartScheduler)
    i.xPortSysTickHandler                    0x08003b08   Section        0  port.o(i.xPortSysTickHandler)
    i.xQueueGenericCreate                    0x08003b34   Section        0  queue.o(i.xQueueGenericCreate)
    i.xQueueGenericReceive                   0x08003bac   Section        0  queue.o(i.xQueueGenericReceive)
    i.xQueueGenericReset                     0x08003d30   Section        0  queue.o(i.xQueueGenericReset)
    i.xQueueGenericSend                      0x08003dd8   Section        0  queue.o(i.xQueueGenericSend)
    i.xQueueGenericSendFromISR               0x08003f60   Section        0  queue.o(i.xQueueGenericSendFromISR)
    i.xTaskCheckForTimeOut                   0x08004040   Section        0  tasks.o(i.xTaskCheckForTimeOut)
    i.xTaskCreate                            0x080040c8   Section        0  tasks.o(i.xTaskCreate)
    i.xTaskGetSchedulerState                 0x08004120   Section        0  tasks.o(i.xTaskGetSchedulerState)
    i.xTaskGetTickCount                      0x0800413c   Section        0  tasks.o(i.xTaskGetTickCount)
    i.xTaskIncrementTick                     0x08004148   Section        0  tasks.o(i.xTaskIncrementTick)
    i.xTaskPriorityDisinherit                0x08004230   Section        0  tasks.o(i.xTaskPriorityDisinherit)
    i.xTaskRemoveFromEventList               0x080042e4   Section        0  tasks.o(i.xTaskRemoveFromEventList)
    i.xTaskRemoveFromUnorderedEventList      0x0800437c   Section        0  tasks.o(i.xTaskRemoveFromUnorderedEventList)
    i.xTaskResumeAll                         0x08004414   Section        0  tasks.o(i.xTaskResumeAll)
    i.xTimerCreate                           0x080044f8   Section        0  timers.o(i.xTimerCreate)
    i.xTimerCreateTimerTask                  0x0800456c   Section        0  timers.o(i.xTimerCreateTimerTask)
    i.xTimerGenericCommand                   0x080045e0   Section        0  timers.o(i.xTimerGenericCommand)
    .constdata                               0x08004670   Section     5284  oled.o(.constdata)
    .data                                    0x20000000   Section        8  main.o(.data)
    .data                                    0x20000008   Section       20  system_stm32f4xx.o(.data)
    .data                                    0x2000001c   Section        1  usartx.o(.data)
    Count                                    0x2000001c   Data           1  usartx.o(.data)
    .data                                    0x20000020   Section        8  led.o(.data)
    temp                                     0x20000024   Data           4  led.o(.data)
    .data                                    0x20000028   Section        8  delay.o(.data)
    fac_us                                   0x20000028   Data           1  delay.o(.data)
    fac_ms                                   0x2000002a   Data           2  delay.o(.data)
    sysTickCnt                               0x2000002c   Data           4  delay.o(.data)
    .data                                    0x20000030   Section        2  usart.o(.data)
    .data                                    0x20000034   Section        4  usart.o(.data)
    .data                                    0x20000038   Section       16  stm32f4xx_rcc.o(.data)
    APBAHBPrescTable                         0x20000038   Data          16  stm32f4xx_rcc.o(.data)
    .data                                    0x20000048   Section       60  tasks.o(.data)
    uxDeletedTasksWaitingCleanUp             0x2000004c   Data           4  tasks.o(.data)
    uxCurrentNumberOfTasks                   0x20000050   Data           4  tasks.o(.data)
    xTickCount                               0x20000054   Data           4  tasks.o(.data)
    uxTopReadyPriority                       0x20000058   Data           4  tasks.o(.data)
    xSchedulerRunning                        0x2000005c   Data           4  tasks.o(.data)
    uxPendedTicks                            0x20000060   Data           4  tasks.o(.data)
    xYieldPending                            0x20000064   Data           4  tasks.o(.data)
    xNumOfOverflows                          0x20000068   Data           4  tasks.o(.data)
    uxTaskNumber                             0x2000006c   Data           4  tasks.o(.data)
    xNextTaskUnblockTime                     0x20000070   Data           4  tasks.o(.data)
    xIdleTaskHandle                          0x20000074   Data           4  tasks.o(.data)
    uxSchedulerSuspended                     0x20000078   Data           4  tasks.o(.data)
    pxDelayedTaskList                        0x2000007c   Data           4  tasks.o(.data)
    pxOverflowDelayedTaskList                0x20000080   Data           4  tasks.o(.data)
    .data                                    0x20000084   Section       20  timers.o(.data)
    xTimerQueue                              0x20000084   Data           4  timers.o(.data)
    xTimerTaskHandle                         0x20000088   Data           4  timers.o(.data)
    xLastTime                                0x2000008c   Data           4  timers.o(.data)
    pxCurrentTimerList                       0x20000090   Data           4  timers.o(.data)
    pxOverflowTimerList                      0x20000094   Data           4  timers.o(.data)
    .data                                    0x20000098   Section       12  port.o(.data)
    ucMaxSysCallPriority                     0x20000098   Data           1  port.o(.data)
    uxCriticalNesting                        0x2000009c   Data           4  port.o(.data)
    ulMaxPRIGROUPValue                       0x200000a0   Data           4  port.o(.data)
    .data                                    0x200000a4   Section       24  heap_4.o(.data)
    pxEnd                                    0x200000a4   Data           4  heap_4.o(.data)
    xFreeBytesRemaining                      0x200000a8   Data           4  heap_4.o(.data)
    xMinimumEverFreeBytesRemaining           0x200000ac   Data           4  heap_4.o(.data)
    xBlockAllocatedBit                       0x200000b0   Data           4  heap_4.o(.data)
    xStart                                   0x200000b4   Data           8  heap_4.o(.data)
    .data                                    0x200000bc   Section        4  control.o(.data)
    .data                                    0x200000c0   Section        1  control.o(.data)
    .data                                    0x200000c4   Section       16  show.o(.data)
    LowVoltage_1                             0x200000cc   Data           4  show.o(.data)
    LowVoltage_2                             0x200000d0   Data           4  show.o(.data)
    .data                                    0x200000d4   Section        1  system.o(.data)
    .bss                                     0x200000d8   Section       81  usartx.o(.bss)
    .bss                                     0x2000012c   Section     1036  oled.o(.bss)
    tmp                                      0x2000012c   Data          12  oled.o(.bss)
    .bss                                     0x20000538   Section      258  usart.o(.bss)
    .bss                                     0x2000063c   Section       64  queue.o(.bss)
    .bss                                     0x2000067c   Section      740  tasks.o(.bss)
    pxReadyTasksLists                        0x2000067c   Data         640  tasks.o(.bss)
    xDelayedTaskList1                        0x200008fc   Data          20  tasks.o(.bss)
    xDelayedTaskList2                        0x20000910   Data          20  tasks.o(.bss)
    xPendingReadyList                        0x20000924   Data          20  tasks.o(.bss)
    xTasksWaitingTermination                 0x20000938   Data          20  tasks.o(.bss)
    xSuspendedTaskList                       0x2000094c   Data          20  tasks.o(.bss)
    .bss                                     0x20000960   Section       40  timers.o(.bss)
    xActiveTimerList1                        0x20000960   Data          20  timers.o(.bss)
    xActiveTimerList2                        0x20000974   Data          20  timers.o(.bss)
    .bss                                     0x20000988   Section    20480  heap_4.o(.bss)
    ucHeap                                   0x20000988   Data       20480  heap_4.o(.bss)
    .bss                                     0x20005988   Section       32  control.o(.bss)
    STACK                                    0x200059a8   Section     1024  startup_stm32f40_41xxx.o(STACK)

    Global Symbols

    Symbol Name                              Value     Ov Type        Size  Object(Section)

    BuildAttributes$$THM_ISAv4$E$P$D$K$B$S$7EM$VFPi3$EXTD16$VFPS$VFMA$PE$A:L22UL41UL21$X:L11$S22US41US21$IEEE1$IW$USESV6$~STKCKD$USESV7$~SHL$OSPACE$ROPI$EBA8$MICROLIB$REQ8$PRES8$EABIv2 0x00000000   Number         0  anon$$obj.o ABSOLUTE
    __ARM_use_no_argv                        0x00000000   Number         0  main.o ABSOLUTE
    __use_no_errno                           0x00000000   Number         0  useno.o ABSOLUTE
    __use_no_exception_handling              0x00000000   Number         0  useno.o ABSOLUTE
    __use_no_fp                              0x00000000   Number         0  useno.o ABSOLUTE
    __use_no_heap                            0x00000000   Number         0  useno.o ABSOLUTE
    __use_no_heap_region                     0x00000000   Number         0  useno.o ABSOLUTE
    __use_no_semihosting                     0x00000000   Number         0  useno.o ABSOLUTE
    __use_no_semihosting_swi                 0x00000000   Number         0  useno.o ABSOLUTE
    __use_no_signal_handling                 0x00000000   Number         0  useno.o ABSOLUTE
    _printf_a                                0x00000000   Number         0  stubs.o ABSOLUTE
    _printf_c                                0x00000000   Number         0  stubs.o ABSOLUTE
    _printf_charcount                        0x00000000   Number         0  stubs.o ABSOLUTE
    _printf_d                                0x00000000   Number         0  stubs.o ABSOLUTE
    _printf_e                                0x00000000   Number         0  stubs.o ABSOLUTE
    _printf_f                                0x00000000   Number         0  stubs.o ABSOLUTE
    _printf_flags                            0x00000000   Number         0  stubs.o ABSOLUTE
    _printf_fp_dec                           0x00000000   Number         0  stubs.o ABSOLUTE
    _printf_fp_hex                           0x00000000   Number         0  stubs.o ABSOLUTE
    _printf_g                                0x00000000   Number         0  stubs.o ABSOLUTE
    _printf_i                                0x00000000   Number         0  stubs.o ABSOLUTE
    _printf_int_dec                          0x00000000   Number         0  stubs.o ABSOLUTE
    _printf_l                                0x00000000   Number         0  stubs.o ABSOLUTE
    _printf_lc                               0x00000000   Number         0  stubs.o ABSOLUTE
    _printf_ll                               0x00000000   Number         0  stubs.o ABSOLUTE
    _printf_lld                              0x00000000   Number         0  stubs.o ABSOLUTE
    _printf_lli                              0x00000000   Number         0  stubs.o ABSOLUTE
    _printf_llo                              0x00000000   Number         0  stubs.o ABSOLUTE
    _printf_llu                              0x00000000   Number         0  stubs.o ABSOLUTE
    _printf_llx                              0x00000000   Number         0  stubs.o ABSOLUTE
    _printf_longlong_dec                     0x00000000   Number         0  stubs.o ABSOLUTE
    _printf_longlong_hex                     0x00000000   Number         0  stubs.o ABSOLUTE
    _printf_longlong_oct                     0x00000000   Number         0  stubs.o ABSOLUTE
    _printf_ls                               0x00000000   Number         0  stubs.o ABSOLUTE
    _printf_mbtowc                           0x00000000   Number         0  stubs.o ABSOLUTE
    _printf_n                                0x00000000   Number         0  stubs.o ABSOLUTE
    _printf_o                                0x00000000   Number         0  stubs.o ABSOLUTE
    _printf_p                                0x00000000   Number         0  stubs.o ABSOLUTE
    _printf_percent                          0x00000000   Number         0  stubs.o ABSOLUTE
    _printf_pre_padding                      0x00000000   Number         0  stubs.o ABSOLUTE
    _printf_return_value                     0x00000000   Number         0  stubs.o ABSOLUTE
    _printf_s                                0x00000000   Number         0  stubs.o ABSOLUTE
    _printf_sizespec                         0x00000000   Number         0  stubs.o ABSOLUTE
    _printf_str                              0x00000000   Number         0  stubs.o ABSOLUTE
    _printf_truncate_signed                  0x00000000   Number         0  stubs.o ABSOLUTE
    _printf_truncate_unsigned                0x00000000   Number         0  stubs.o ABSOLUTE
    _printf_u                                0x00000000   Number         0  stubs.o ABSOLUTE
    _printf_wc                               0x00000000   Number         0  stubs.o ABSOLUTE
    _printf_wctomb                           0x00000000   Number         0  stubs.o ABSOLUTE
    _printf_widthprec                        0x00000000   Number         0  stubs.o ABSOLUTE
    _printf_x                                0x00000000   Number         0  stubs.o ABSOLUTE
    __cpp_initialize__aeabi_                  - Undefined Weak Reference
    __cxa_finalize                            - Undefined Weak Reference
    __decompress                              - Undefined Weak Reference
    _clock_init                               - Undefined Weak Reference
    _microlib_exit                            - Undefined Weak Reference
    __Vectors_Size                           0x00000188   Number         0  startup_stm32f40_41xxx.o ABSOLUTE
    __Vectors                                0x08000000   Data           4  startup_stm32f40_41xxx.o(RESET)
    __Vectors_End                            0x08000188   Data           0  startup_stm32f40_41xxx.o(RESET)
    __main                                   0x08000189   Thumb Code     0  entry.o(.ARM.Collect$$$$00000000)
    _main_stk                                0x08000189   Thumb Code     0  entry2.o(.ARM.Collect$$$$00000001)
    _main_scatterload                        0x0800018d   Thumb Code     0  entry5.o(.ARM.Collect$$$$00000004)
    __main_after_scatterload                 0x08000191   Thumb Code     0  entry5.o(.ARM.Collect$$$$00000004)
    _main_clock                              0x08000191   Thumb Code     0  entry7b.o(.ARM.Collect$$$$00000008)
    _main_cpp_init                           0x08000191   Thumb Code     0  entry8b.o(.ARM.Collect$$$$0000000A)
    _main_init                               0x08000191   Thumb Code     0  entry9a.o(.ARM.Collect$$$$0000000B)
    __rt_final_cpp                           0x08000199   Thumb Code     0  entry10a.o(.ARM.Collect$$$$0000000D)
    __rt_final_exit                          0x08000199   Thumb Code     0  entry11a.o(.ARM.Collect$$$$0000000F)
    SVC_Handler                              0x0800019d   Thumb Code    28  port.o(.emb_text)
    __asm___6_port_c_39a90d8d__prvStartFirstTask 0x080001bd   Thumb Code    28  port.o(.emb_text)
    __asm___6_port_c_39a90d8d__prvEnableVFP  0x080001dd   Thumb Code    16  port.o(.emb_text)
    PendSV_Handler                           0x080001f1   Thumb Code    88  port.o(.emb_text)
    vPortGetIPSR                             0x0800024d   Thumb Code     6  port.o(.emb_text)
    Reset_Handler                            0x08000255   Thumb Code     8  startup_stm32f40_41xxx.o(.text)
    ADC_IRQHandler                           0x0800026f   Thumb Code     0  startup_stm32f40_41xxx.o(.text)
    CAN1_RX1_IRQHandler                      0x0800026f   Thumb Code     0  startup_stm32f40_41xxx.o(.text)
    CAN1_SCE_IRQHandler                      0x0800026f   Thumb Code     0  startup_stm32f40_41xxx.o(.text)
    CAN1_TX_IRQHandler                       0x0800026f   Thumb Code     0  startup_stm32f40_41xxx.o(.text)
    CAN2_RX0_IRQHandler                      0x0800026f   Thumb Code     0  startup_stm32f40_41xxx.o(.text)
    CAN2_RX1_IRQHandler                      0x0800026f   Thumb Code     0  startup_stm32f40_41xxx.o(.text)
    CAN2_SCE_IRQHandler                      0x0800026f   Thumb Code     0  startup_stm32f40_41xxx.o(.text)
    CAN2_TX_IRQHandler                       0x0800026f   Thumb Code     0  startup_stm32f40_41xxx.o(.text)
    CRYP_IRQHandler                          0x0800026f   Thumb Code     0  startup_stm32f40_41xxx.o(.text)
    DCMI_IRQHandler                          0x0800026f   Thumb Code     0  startup_stm32f40_41xxx.o(.text)
    DMA1_Stream0_IRQHandler                  0x0800026f   Thumb Code     0  startup_stm32f40_41xxx.o(.text)
    DMA1_Stream1_IRQHandler                  0x0800026f   Thumb Code     0  startup_stm32f40_41xxx.o(.text)
    DMA1_Stream2_IRQHandler                  0x0800026f   Thumb Code     0  startup_stm32f40_41xxx.o(.text)
    DMA1_Stream3_IRQHandler                  0x0800026f   Thumb Code     0  startup_stm32f40_41xxx.o(.text)
    DMA1_Stream4_IRQHandler                  0x0800026f   Thumb Code     0  startup_stm32f40_41xxx.o(.text)
    DMA1_Stream5_IRQHandler                  0x0800026f   Thumb Code     0  startup_stm32f40_41xxx.o(.text)
    DMA1_Stream6_IRQHandler                  0x0800026f   Thumb Code     0  startup_stm32f40_41xxx.o(.text)
    DMA1_Stream7_IRQHandler                  0x0800026f   Thumb Code     0  startup_stm32f40_41xxx.o(.text)
    DMA2_Stream0_IRQHandler                  0x0800026f   Thumb Code     0  startup_stm32f40_41xxx.o(.text)
    DMA2_Stream1_IRQHandler                  0x0800026f   Thumb Code     0  startup_stm32f40_41xxx.o(.text)
    DMA2_Stream2_IRQHandler                  0x0800026f   Thumb Code     0  startup_stm32f40_41xxx.o(.text)
    DMA2_Stream3_IRQHandler                  0x0800026f   Thumb Code     0  startup_stm32f40_41xxx.o(.text)
    DMA2_Stream4_IRQHandler                  0x0800026f   Thumb Code     0  startup_stm32f40_41xxx.o(.text)
    DMA2_Stream5_IRQHandler                  0x0800026f   Thumb Code     0  startup_stm32f40_41xxx.o(.text)
    DMA2_Stream6_IRQHandler                  0x0800026f   Thumb Code     0  startup_stm32f40_41xxx.o(.text)
    DMA2_Stream7_IRQHandler                  0x0800026f   Thumb Code     0  startup_stm32f40_41xxx.o(.text)
    ETH_IRQHandler                           0x0800026f   Thumb Code     0  startup_stm32f40_41xxx.o(.text)
    ETH_WKUP_IRQHandler                      0x0800026f   Thumb Code     0  startup_stm32f40_41xxx.o(.text)
    EXTI0_IRQHandler                         0x0800026f   Thumb Code     0  startup_stm32f40_41xxx.o(.text)
    EXTI15_10_IRQHandler                     0x0800026f   Thumb Code     0  startup_stm32f40_41xxx.o(.text)
    EXTI1_IRQHandler                         0x0800026f   Thumb Code     0  startup_stm32f40_41xxx.o(.text)
    EXTI2_IRQHandler                         0x0800026f   Thumb Code     0  startup_stm32f40_41xxx.o(.text)
    EXTI3_IRQHandler                         0x0800026f   Thumb Code     0  startup_stm32f40_41xxx.o(.text)
    EXTI4_IRQHandler                         0x0800026f   Thumb Code     0  startup_stm32f40_41xxx.o(.text)
    EXTI9_5_IRQHandler                       0x0800026f   Thumb Code     0  startup_stm32f40_41xxx.o(.text)
    FLASH_IRQHandler                         0x0800026f   Thumb Code     0  startup_stm32f40_41xxx.o(.text)
    FPU_IRQHandler                           0x0800026f   Thumb Code     0  startup_stm32f40_41xxx.o(.text)
    FSMC_IRQHandler                          0x0800026f   Thumb Code     0  startup_stm32f40_41xxx.o(.text)
    HASH_RNG_IRQHandler                      0x0800026f   Thumb Code     0  startup_stm32f40_41xxx.o(.text)
    I2C1_ER_IRQHandler                       0x0800026f   Thumb Code     0  startup_stm32f40_41xxx.o(.text)
    I2C1_EV_IRQHandler                       0x0800026f   Thumb Code     0  startup_stm32f40_41xxx.o(.text)
    I2C2_ER_IRQHandler                       0x0800026f   Thumb Code     0  startup_stm32f40_41xxx.o(.text)
    I2C2_EV_IRQHandler                       0x0800026f   Thumb Code     0  startup_stm32f40_41xxx.o(.text)
    I2C3_ER_IRQHandler                       0x0800026f   Thumb Code     0  startup_stm32f40_41xxx.o(.text)
    I2C3_EV_IRQHandler                       0x0800026f   Thumb Code     0  startup_stm32f40_41xxx.o(.text)
    OTG_FS_IRQHandler                        0x0800026f   Thumb Code     0  startup_stm32f40_41xxx.o(.text)
    OTG_FS_WKUP_IRQHandler                   0x0800026f   Thumb Code     0  startup_stm32f40_41xxx.o(.text)
    OTG_HS_EP1_IN_IRQHandler                 0x0800026f   Thumb Code     0  startup_stm32f40_41xxx.o(.text)
    OTG_HS_EP1_OUT_IRQHandler                0x0800026f   Thumb Code     0  startup_stm32f40_41xxx.o(.text)
    OTG_HS_IRQHandler                        0x0800026f   Thumb Code     0  startup_stm32f40_41xxx.o(.text)
    OTG_HS_WKUP_IRQHandler                   0x0800026f   Thumb Code     0  startup_stm32f40_41xxx.o(.text)
    PVD_IRQHandler                           0x0800026f   Thumb Code     0  startup_stm32f40_41xxx.o(.text)
    RCC_IRQHandler                           0x0800026f   Thumb Code     0  startup_stm32f40_41xxx.o(.text)
    RTC_Alarm_IRQHandler                     0x0800026f   Thumb Code     0  startup_stm32f40_41xxx.o(.text)
    RTC_WKUP_IRQHandler                      0x0800026f   Thumb Code     0  startup_stm32f40_41xxx.o(.text)
    SDIO_IRQHandler                          0x0800026f   Thumb Code     0  startup_stm32f40_41xxx.o(.text)
    SPI1_IRQHandler                          0x0800026f   Thumb Code     0  startup_stm32f40_41xxx.o(.text)
    SPI2_IRQHandler                          0x0800026f   Thumb Code     0  startup_stm32f40_41xxx.o(.text)
    SPI3_IRQHandler                          0x0800026f   Thumb Code     0  startup_stm32f40_41xxx.o(.text)
    TAMP_STAMP_IRQHandler                    0x0800026f   Thumb Code     0  startup_stm32f40_41xxx.o(.text)
    TIM1_BRK_TIM9_IRQHandler                 0x0800026f   Thumb Code     0  startup_stm32f40_41xxx.o(.text)
    TIM1_CC_IRQHandler                       0x0800026f   Thumb Code     0  startup_stm32f40_41xxx.o(.text)
    TIM1_TRG_COM_TIM11_IRQHandler            0x0800026f   Thumb Code     0  startup_stm32f40_41xxx.o(.text)
    TIM1_UP_TIM10_IRQHandler                 0x0800026f   Thumb Code     0  startup_stm32f40_41xxx.o(.text)
    TIM2_IRQHandler                          0x0800026f   Thumb Code     0  startup_stm32f40_41xxx.o(.text)
    TIM3_IRQHandler                          0x0800026f   Thumb Code     0  startup_stm32f40_41xxx.o(.text)
    TIM4_IRQHandler                          0x0800026f   Thumb Code     0  startup_stm32f40_41xxx.o(.text)
    TIM5_IRQHandler                          0x0800026f   Thumb Code     0  startup_stm32f40_41xxx.o(.text)
    TIM6_DAC_IRQHandler                      0x0800026f   Thumb Code     0  startup_stm32f40_41xxx.o(.text)
    TIM7_IRQHandler                          0x0800026f   Thumb Code     0  startup_stm32f40_41xxx.o(.text)
    TIM8_BRK_TIM12_IRQHandler                0x0800026f   Thumb Code     0  startup_stm32f40_41xxx.o(.text)
    TIM8_CC_IRQHandler                       0x0800026f   Thumb Code     0  startup_stm32f40_41xxx.o(.text)
    TIM8_TRG_COM_TIM14_IRQHandler            0x0800026f   Thumb Code     0  startup_stm32f40_41xxx.o(.text)
    TIM8_UP_TIM13_IRQHandler                 0x0800026f   Thumb Code     0  startup_stm32f40_41xxx.o(.text)
    USART6_IRQHandler                        0x0800026f   Thumb Code     0  startup_stm32f40_41xxx.o(.text)
    WWDG_IRQHandler                          0x0800026f   Thumb Code     0  startup_stm32f40_41xxx.o(.text)
    __aeabi_memcpy                           0x08000279   Thumb Code    36  memcpya.o(.text)
    __aeabi_memcpy4                          0x08000279   Thumb Code     0  memcpya.o(.text)
    __aeabi_memcpy8                          0x08000279   Thumb Code     0  memcpya.o(.text)
    __aeabi_memset                           0x0800029d   Thumb Code    14  memseta.o(.text)
    __aeabi_memset4                          0x0800029d   Thumb Code     0  memseta.o(.text)
    __aeabi_memset8                          0x0800029d   Thumb Code     0  memseta.o(.text)
    __aeabi_memclr                           0x080002ab   Thumb Code     4  memseta.o(.text)
    __aeabi_memclr4                          0x080002ab   Thumb Code     0  memseta.o(.text)
    __aeabi_memclr8                          0x080002ab   Thumb Code     0  memseta.o(.text)
    _memset$wrapper                          0x080002af   Thumb Code    18  memseta.o(.text)
    __aeabi_dmul                             0x080002c1   Thumb Code   228  dmul.o(.text)
    __aeabi_i2d                              0x080003a5   Thumb Code    34  dflti.o(.text)
    __aeabi_d2iz                             0x080003c7   Thumb Code    62  dfixi.o(.text)
    __aeabi_uidiv                            0x08000405   Thumb Code     0  uidiv.o(.text)
    __aeabi_uidivmod                         0x08000405   Thumb Code    44  uidiv.o(.text)
    __aeabi_llsr                             0x08000431   Thumb Code    32  llushr.o(.text)
    _ll_ushift_r                             0x08000431   Thumb Code     0  llushr.o(.text)
    __I$use$fp                               0x08000451   Thumb Code     0  iusefp.o(.text)
    _double_round                            0x08000451   Thumb Code    30  depilogue.o(.text)
    _double_epilogue                         0x0800046f   Thumb Code   156  depilogue.o(.text)
    __scatterload                            0x0800050d   Thumb Code    28  init.o(.text)
    __scatterload_rt2                        0x0800050d   Thumb Code     0  init.o(.text)
    __aeabi_llsl                             0x08000531   Thumb Code    30  llshl.o(.text)
    _ll_shift_l                              0x08000531   Thumb Code     0  llshl.o(.text)
    BusFault_Handler                         0x0800054f   Thumb Code     2  stm32f4xx_it.o(i.BusFault_Handler)
    Buzzer_Init                              0x08000551   Thumb Code    48  led.o(i.Buzzer_Init)
    CAN1_Mode_Init                           0x08000585   Thumb Code   450  can.o(i.CAN1_Mode_Init)
    CAN1_RX0_IRQHandler                      0x08000755   Thumb Code    74  can.o(i.CAN1_RX0_IRQHandler)
    CAN1_Rx_Msg                              0x080007a5   Thumb Code   140  can.o(i.CAN1_Rx_Msg)
    CAN1_Send_Num                            0x08000839   Thumb Code    54  can.o(i.CAN1_Send_Num)
    CAN1_Tx_Msg                              0x08000871   Thumb Code   116  can.o(i.CAN1_Tx_Msg)
    CAN1_Tx_Staus                            0x080008ed   Thumb Code    94  can.o(i.CAN1_Tx_Staus)
    CAN_FilterInit                           0x08000951   Thumb Code   194  stm32f4xx_can.o(i.CAN_FilterInit)
    CAN_ITConfig                             0x08000a1d   Thumb Code    16  stm32f4xx_can.o(i.CAN_ITConfig)
    CAN_SEND                                 0x08000a2d   Thumb Code    50  usartx.o(i.CAN_SEND)
    Check_Sum                                0x08000a65   Thumb Code    24  usartx.o(i.Check_Sum)
    Control_task                             0x08000a81   Thumb Code    56  control.o(i.Control_task)
    DIR_Init                                 0x08000ac5   Thumb Code    46  control.o(i.DIR_Init)
    DebugMon_Handler                         0x08000af9   Thumb Code     2  stm32f4xx_it.o(i.DebugMon_Handler)
    GPIO_Init                                0x08000afb   Thumb Code   120  stm32f4xx_gpio.o(i.GPIO_Init)
    GPIO_PinAFConfig                         0x08000b73   Thumb Code    32  stm32f4xx_gpio.o(i.GPIO_PinAFConfig)
    GPIO_ResetBits                           0x08000b93   Thumb Code     4  stm32f4xx_gpio.o(i.GPIO_ResetBits)
    GPIO_SetBits                             0x08000b97   Thumb Code     4  stm32f4xx_gpio.o(i.GPIO_SetBits)
    HardFault_Handler                        0x08000b9b   Thumb Code     2  stm32f4xx_it.o(i.HardFault_Handler)
    IWDG_Config                              0x08000b9d   Thumb Code    32  timer.o(i.IWDG_Config)
    IWDG_Enable                              0x08000bbd   Thumb Code    10  stm32f4xx_iwdg.o(i.IWDG_Enable)
    IWDG_ReloadCounter                       0x08000bcd   Thumb Code    10  stm32f4xx_iwdg.o(i.IWDG_ReloadCounter)
    IWDG_SetPrescaler                        0x08000bdd   Thumb Code     6  stm32f4xx_iwdg.o(i.IWDG_SetPrescaler)
    IWDG_SetReload                           0x08000be9   Thumb Code     6  stm32f4xx_iwdg.o(i.IWDG_SetReload)
    IWDG_WriteAccessCmd                      0x08000bf5   Thumb Code     6  stm32f4xx_iwdg.o(i.IWDG_WriteAccessCmd)
    LED_Init                                 0x08000c01   Thumb Code    80  led.o(i.LED_Init)
    MemManage_Handler                        0x08000c55   Thumb Code     2  stm32f4xx_it.o(i.MemManage_Handler)
    NMI_Handler                              0x08000c57   Thumb Code     2  stm32f4xx_it.o(i.NMI_Handler)
    NVIC_Init                                0x08000c59   Thumb Code    96  misc.o(i.NVIC_Init)
    NVIC_PriorityGroupConfig                 0x08000cbd   Thumb Code    10  misc.o(i.NVIC_PriorityGroupConfig)
    OLED_Clear                               0x08000cd1   Thumb Code    38  oled.o(i.OLED_Clear)
    OLED_DrawPoint                           0x08000cfd   Thumb Code    54  oled.o(i.OLED_DrawPoint)
    OLED_Init                                0x08000d39   Thumb Code   292  oled.o(i.OLED_Init)
    OLED_Refresh_Gram                        0x08000e65   Thumb Code    66  oled.o(i.OLED_Refresh_Gram)
    OLED_ShowChar                            0x08000ead   Thumb Code   124  oled.o(i.OLED_ShowChar)
    OLED_ShowNumber                          0x08000f31   Thumb Code   120  oled.o(i.OLED_ShowNumber)
    OLED_ShowString                          0x08000fa9   Thumb Code    62  oled.o(i.OLED_ShowString)
    OLED_WR_Byte                             0x08000fe9   Thumb Code    62  oled.o(i.OLED_WR_Byte)
    PWR_BackupAccessCmd                      0x0800102d   Thumb Code     6  stm32f4xx_pwr.o(i.PWR_BackupAccessCmd)
    RCC_AHB1PeriphClockCmd                   0x08001039   Thumb Code    18  stm32f4xx_rcc.o(i.RCC_AHB1PeriphClockCmd)
    RCC_APB1PeriphClockCmd                   0x08001051   Thumb Code    18  stm32f4xx_rcc.o(i.RCC_APB1PeriphClockCmd)
    RCC_APB2PeriphClockCmd                   0x08001069   Thumb Code    18  stm32f4xx_rcc.o(i.RCC_APB2PeriphClockCmd)
    RCC_GetClocksFreq                        0x08001081   Thumb Code   132  stm32f4xx_rcc.o(i.RCC_GetClocksFreq)
    RCC_LSEConfig                            0x08001111   Thumb Code    22  stm32f4xx_rcc.o(i.RCC_LSEConfig)
    Remote_control                           0x0800112d   Thumb Code   444  control.o(i.Remote_control)
    Ros_control                              0x080012f5   Thumb Code   200  control.o(i.Ros_control)
    SysTick_CLKSourceConfig                  0x0800147d   Thumb Code    24  misc.o(i.SysTick_CLKSourceConfig)
    SysTick_Handler                          0x08001495   Thumb Code    20  delay.o(i.SysTick_Handler)
    SystemInit                               0x080014a9   Thumb Code    74  system_stm32f4xx.o(i.SystemInit)
    TIM_ARRPreloadConfig                     0x08001505   Thumb Code    20  stm32f4xx_tim.o(i.TIM_ARRPreloadConfig)
    TIM_Cmd                                  0x08001519   Thumb Code    20  stm32f4xx_tim.o(i.TIM_Cmd)
    TIM_CtrlPWMOutputs                       0x0800152d   Thumb Code    22  stm32f4xx_tim.o(i.TIM_CtrlPWMOutputs)
    TIM_OC1Init                              0x08001545   Thumb Code    88  stm32f4xx_tim.o(i.TIM_OC1Init)
    TIM_OC1PreloadConfig                     0x080015a5   Thumb Code    12  stm32f4xx_tim.o(i.TIM_OC1PreloadConfig)
    TIM_SetCompare1                          0x080015b1   Thumb Code     4  stm32f4xx_tim.o(i.TIM_SetCompare1)
    TIM_TimeBaseInit                         0x080015b5   Thumb Code    96  stm32f4xx_tim.o(i.TIM_TimeBaseInit)
    Tim_PUL_Init                             0x08001631   Thumb Code   160  timer.o(i.Tim_PUL_Init)
    UART4_IRQHandler                         0x080016d5   Thumb Code     4  usartx.o(i.UART4_IRQHandler)
    UART5_IRQHandler                         0x080016d9   Thumb Code   212  usart.o(i.UART5_IRQHandler)
    USART1_IRQHandler                        0x080017c1   Thumb Code     4  usartx.o(i.USART1_IRQHandler)
    USART2_IRQHandler                        0x080017c5   Thumb Code     4  usartx.o(i.USART2_IRQHandler)
    USART3_IRQHandler                        0x080017c9   Thumb Code   132  usartx.o(i.USART3_IRQHandler)
    USART_Cmd                                0x08001859   Thumb Code    20  stm32f4xx_usart.o(i.USART_Cmd)
    USART_GetITStatus                        0x0800186d   Thumb Code    62  stm32f4xx_usart.o(i.USART_GetITStatus)
    USART_ITConfig                           0x080018ab   Thumb Code    48  stm32f4xx_usart.o(i.USART_ITConfig)
    USART_Init                               0x080018dd   Thumb Code   164  stm32f4xx_usart.o(i.USART_Init)
    USART_ReceiveData                        0x08001989   Thumb Code     8  stm32f4xx_usart.o(i.USART_ReceiveData)
    UsageFault_Handler                       0x08001991   Thumb Code     2  stm32f4xx_it.o(i.UsageFault_Handler)
    Variable_detection                       0x08001995   Thumb Code    30  control.o(i.Variable_detection)
    __0printf$3                              0x080019b9   Thumb Code    22  printf3.o(i.__0printf$3)
    __1printf$3                              0x080019b9   Thumb Code     0  printf3.o(i.__0printf$3)
    __2printf                                0x080019b9   Thumb Code     0  printf3.o(i.__0printf$3)
    __scatterload_copy                       0x080019d9   Thumb Code    14  handlers.o(i.__scatterload_copy)
    __scatterload_null                       0x080019e7   Thumb Code     2  handlers.o(i.__scatterload_null)
    __scatterload_zeroinit                   0x080019e9   Thumb Code    14  handlers.o(i.__scatterload_zeroinit)
    data_task                                0x08001bb1   Thumb Code    36  usartx.o(i.data_task)
    data_transition                          0x08001bd9   Thumb Code   220  usartx.o(i.data_transition)
    delay_init                               0x08001cb9   Thumb Code    50  delay.o(i.delay_init)
    delay_ms                                 0x08001cf1   Thumb Code    52  delay.o(i.delay_ms)
    delay_us                                 0x08001d29   Thumb Code    48  delay.o(i.delay_us)
    fputc                                    0x08001d5d   Thumb Code    14  usart.o(i.fputc)
    getSysTickCnt                            0x08001d71   Thumb Code    24  delay.o(i.getSysTickCnt)
    iwdg_task                                0x08001d8d   Thumb Code    32  timer.o(i.iwdg_task)
    led_task                                 0x08001db1   Thumb Code    66  led.o(i.led_task)
    main                                     0x08001e09   Thumb Code    34  main.o(i.main)
    oled_pow                                 0x08001e41   Thumb Code    16  oled.o(i.oled_pow)
    oled_show                                0x08001e51   Thumb Code   524  show.o(i.oled_show)
    pvPortMalloc                             0x08002951   Thumb Code   214  heap_4.o(i.pvPortMalloc)
    pvTaskIncrementMutexHeldCount            0x08002a65   Thumb Code    18  tasks.o(i.pvTaskIncrementMutexHeldCount)
    pxPortInitialiseStack                    0x08002a7d   Thumb Code    40  port.o(i.pxPortInitialiseStack)
    sbus_to                                  0x08002aa9   Thumb Code    60  usart.o(i.sbus_to)
    show_task                                0x08002aed   Thumb Code   152  show.o(i.show_task)
    start_task                               0x08002b95   Thumb Code   122  main.o(i.start_task)
    systemInit                               0x08002c69   Thumb Code    88  system.o(i.systemInit)
    uart5_init                               0x08002cc5   Thumb Code   160  usart.o(i.uart5_init)
    update_sbus                              0x08002d6d   Thumb Code   256  usart.o(i.update_sbus)
    usart1_init                              0x08002e71   Thumb Code   164  usartx.o(i.usart1_init)
    usart3_init                              0x08002f1d   Thumb Code   168  usartx.o(i.usart3_init)
    usart3_send                              0x08002fcd   Thumb Code    14  usartx.o(i.usart3_send)
    uxListRemove                             0x08002fe1   Thumb Code    36  list.o(i.uxListRemove)
    uxTaskResetEventItemValue                0x08003005   Thumb Code    20  tasks.o(i.uxTaskResetEventItemValue)
    vListInitialise                          0x0800301d   Thumb Code    22  list.o(i.vListInitialise)
    vListInitialiseItem                      0x08003033   Thumb Code     6  list.o(i.vListInitialiseItem)
    vListInsert                              0x08003039   Thumb Code    48  list.o(i.vListInsert)
    vListInsertEnd                           0x08003069   Thumb Code    24  list.o(i.vListInsertEnd)
    vPortEnterCritical                       0x08003081   Thumb Code    50  port.o(i.vPortEnterCritical)
    vPortExitCritical                        0x080030f9   Thumb Code    34  port.o(i.vPortExitCritical)
    vPortFree                                0x0800315d   Thumb Code    94  heap_4.o(i.vPortFree)
    vPortSetupTimerInterrupt                 0x080031f9   Thumb Code    26  port.o(i.vPortSetupTimerInterrupt)
    vPortValidateInterruptPriority           0x08003219   Thumb Code    70  port.o(i.vPortValidateInterruptPriority)
    vQueueAddToRegistry                      0x080032a5   Thumb Code    32  queue.o(i.vQueueAddToRegistry)
    vQueueWaitForMessageRestricted           0x080032c9   Thumb Code    68  queue.o(i.vQueueWaitForMessageRestricted)
    vTaskDelay                               0x0800330d   Thumb Code    62  tasks.o(i.vTaskDelay)
    vTaskDelayUntil                          0x08003379   Thumb Code   128  tasks.o(i.vTaskDelayUntil)
    vTaskDelete                              0x08003425   Thumb Code   152  tasks.o(i.vTaskDelete)
    vTaskMissedYield                         0x080034f1   Thumb Code     8  tasks.o(i.vTaskMissedYield)
    vTaskPlaceOnEventList                    0x080034fd   Thumb Code    44  tasks.o(i.vTaskPlaceOnEventList)
    vTaskPlaceOnEventListRestricted          0x08003551   Thumb Code    52  tasks.o(i.vTaskPlaceOnEventListRestricted)
    vTaskPlaceOnUnorderedEventList           0x080035ad   Thumb Code    72  tasks.o(i.vTaskPlaceOnUnorderedEventList)
    vTaskPriorityInherit                     0x0800361d   Thumb Code   124  tasks.o(i.vTaskPriorityInherit)
    vTaskSetTimeOutState                     0x080036a1   Thumb Code    30  tasks.o(i.vTaskSetTimeOutState)
    vTaskStartScheduler                      0x080036e9   Thumb Code    96  tasks.o(i.vTaskStartScheduler)
    vTaskSuspendAll                          0x0800377d   Thumb Code    10  tasks.o(i.vTaskSuspendAll)
    vTaskSwitchContext                       0x0800378d   Thumb Code    80  tasks.o(i.vTaskSwitchContext)
    xEventGroupCreate                        0x08003809   Thumb Code    26  event_groups.o(i.xEventGroupCreate)
    xEventGroupSetBits                       0x08003825   Thumb Code   132  event_groups.o(i.xEventGroupSetBits)
    xEventGroupWaitBits                      0x080038d5   Thumb Code   240  event_groups.o(i.xEventGroupWaitBits)
    xPortStartScheduler                      0x080039f5   Thumb Code   196  port.o(i.xPortStartScheduler)
    xPortSysTickHandler                      0x08003b09   Thumb Code    38  port.o(i.xPortSysTickHandler)
    xQueueGenericCreate                      0x08003b35   Thumb Code    82  queue.o(i.xQueueGenericCreate)
    xQueueGenericReceive                     0x08003bad   Thumb Code   348  queue.o(i.xQueueGenericReceive)
    xQueueGenericReset                       0x08003d31   Thumb Code   128  queue.o(i.xQueueGenericReset)
    xQueueGenericSend                        0x08003dd9   Thumb Code   350  queue.o(i.xQueueGenericSend)
    xQueueGenericSendFromISR                 0x08003f61   Thumb Code   188  queue.o(i.xQueueGenericSendFromISR)
    xTaskCheckForTimeOut                     0x08004041   Thumb Code    94  tasks.o(i.xTaskCheckForTimeOut)
    xTaskCreate                              0x080040c9   Thumb Code    86  tasks.o(i.xTaskCreate)
    xTaskGetSchedulerState                   0x08004121   Thumb Code    22  tasks.o(i.xTaskGetSchedulerState)
    xTaskGetTickCount                        0x0800413d   Thumb Code     6  tasks.o(i.xTaskGetTickCount)
    xTaskIncrementTick                       0x08004149   Thumb Code   188  tasks.o(i.xTaskIncrementTick)
    xTaskPriorityDisinherit                  0x08004231   Thumb Code   136  tasks.o(i.xTaskPriorityDisinherit)
    xTaskRemoveFromEventList                 0x080042e5   Thumb Code   102  tasks.o(i.xTaskRemoveFromEventList)
    xTaskRemoveFromUnorderedEventList        0x0800437d   Thumb Code   108  tasks.o(i.xTaskRemoveFromUnorderedEventList)
    xTaskResumeAll                           0x08004415   Thumb Code   180  tasks.o(i.xTaskResumeAll)
    xTimerCreate                             0x080044f9   Thumb Code    74  timers.o(i.xTimerCreate)
    xTimerCreateTimerTask                    0x0800456d   Thumb Code    58  timers.o(i.xTimerCreateTimerTask)
    xTimerGenericCommand                     0x080045e1   Thumb Code    98  timers.o(i.xTimerGenericCommand)
    oled_asc2_1206                           0x08004670   Data        1140  oled.o(.constdata)
    oled_asc2_1608                           0x08004ae4   Data        1520  oled.o(.constdata)
    Hzk16                                    0x080050d4   Data        2624  oled.o(.constdata)
    Region$$Table$$Base                      0x08005b14   Number         0  anon$$obj.o(Region$$Table)
    Region$$Table$$Limit                     0x08005b34   Number         0  anon$$obj.o(Region$$Table)
    StartTask_Handler                        0x20000000   Data           4  main.o(.data)
    EventGroupHandler                        0x20000004   Data           4  main.o(.data)
    SystemCoreClock                          0x20000008   Data           4  system_stm32f4xx.o(.data)
    AHBPrescTable                            0x2000000c   Data          16  system_stm32f4xx.o(.data)
    Led_Count                                0x20000020   Data           4  led.o(.data)
    UART5_RX_STA                             0x20000030   Data           2  usart.o(.data)
    __stdout                                 0x20000034   Data           4  usart.o(.data)
    pxCurrentTCB                             0x20000048   Data           4  tasks.o(.data)
    Time_count                               0x200000bc   Data           4  control.o(.data)
    command_lost_count                       0x200000c0   Data           1  control.o(.data)
    oled_page                                0x200000c4   Data           1  show.o(.data)
    oled_refresh_flag                        0x200000c5   Data           1  show.o(.data)
    Buzzer_count                             0x200000c8   Data           4  show.o(.data)
    SBUS_ON_Flag                             0x200000d4   Data           1  system.o(.data)
    Send_Data                                0x200000d8   Data          64  usartx.o(.bss)
    Receive_Data                             0x20000118   Data          17  usartx.o(.bss)
    OLED_GRAM                                0x20000138   Data        1024  oled.o(.bss)
    SBUS                                     0x20000538   Data          25  usart.o(.bss)
    sbus                                     0x20000552   Data          32  usart.o(.bss)
    UART5_RX_BUF                             0x20000572   Data         200  usart.o(.bss)
    xQueueRegistry                           0x2000063c   Data          64  queue.o(.bss)
    sbus_Value                               0x20005988   Data          32  control.o(.bss)
    __initial_sp                             0x20005da8   Data           0  startup_stm32f40_41xxx.o(STACK)



==============================================================================

Memory Map of the image

  Image Entry point : 0x08000189

  Load Region LR_IROM1 (Base: 0x08000000, Size: 0x00005c0c, Max: 0x00080000, ABSOLUTE)

    Execution Region ER_IROM1 (Base: 0x08000000, Size: 0x00005b34, Max: 0x00080000, ABSOLUTE)

    Base Addr    Size         Type   Attr      Idx    E Section Name        Object

    0x08000000   0x00000188   Data   RO          925    RESET               startup_stm32f40_41xxx.o
    0x08000188   0x00000000   Code   RO         3929  * .ARM.Collect$$$$00000000  mc_w.l(entry.o)
    0x08000188   0x00000004   Code   RO         4209    .ARM.Collect$$$$00000001  mc_w.l(entry2.o)
    0x0800018c   0x00000004   Code   RO         4212    .ARM.Collect$$$$00000004  mc_w.l(entry5.o)
    0x08000190   0x00000000   Code   RO         4214    .ARM.Collect$$$$00000008  mc_w.l(entry7b.o)
    0x08000190   0x00000000   Code   RO         4216    .ARM.Collect$$$$0000000A  mc_w.l(entry8b.o)
    0x08000190   0x00000008   Code   RO         4217    .ARM.Collect$$$$0000000B  mc_w.l(entry9a.o)
    0x08000198   0x00000000   Code   RO         4219    .ARM.Collect$$$$0000000D  mc_w.l(entry10a.o)
    0x08000198   0x00000000   Code   RO         4221    .ARM.Collect$$$$0000000F  mc_w.l(entry11a.o)
    0x08000198   0x00000004   Code   RO         4210    .ARM.Collect$$$$00002712  mc_w.l(entry2.o)
    0x0800019c   0x000000b6   Code   RO         3677    .emb_text           port.o
    0x08000252   0x00000002   PAD
    0x08000254   0x00000024   Code   RO          926    .text               startup_stm32f40_41xxx.o
    0x08000278   0x00000024   Code   RO         3932    .text               mc_w.l(memcpya.o)
    0x0800029c   0x00000024   Code   RO         3934    .text               mc_w.l(memseta.o)
    0x080002c0   0x000000e4   Code   RO         4203    .text               mf_w.l(dmul.o)
    0x080003a4   0x00000022   Code   RO         4205    .text               mf_w.l(dflti.o)
    0x080003c6   0x0000003e   Code   RO         4207    .text               mf_w.l(dfixi.o)
    0x08000404   0x0000002c   Code   RO         4223    .text               mc_w.l(uidiv.o)
    0x08000430   0x00000020   Code   RO         4227    .text               mc_w.l(llushr.o)
    0x08000450   0x00000000   Code   RO         4229    .text               mc_w.l(iusefp.o)
    0x08000450   0x000000ba   Code   RO         4230    .text               mf_w.l(depilogue.o)
    0x0800050a   0x00000002   PAD
    0x0800050c   0x00000024   Code   RO         4240    .text               mc_w.l(init.o)
    0x08000530   0x0000001e   Code   RO         4242    .text               mc_w.l(llshl.o)
    0x0800054e   0x00000002   Code   RO          243    i.BusFault_Handler  stm32f4xx_it.o
    0x08000550   0x00000034   Code   RO          632    i.Buzzer_Init       led.o
    0x08000584   0x000001d0   Code   RO          359    i.CAN1_Mode_Init    can.o
    0x08000754   0x00000050   Code   RO          361    i.CAN1_RX0_IRQHandler  can.o
    0x080007a4   0x00000094   Code   RO          363    i.CAN1_Rx_Msg       can.o
    0x08000838   0x00000036   Code   RO          367    i.CAN1_Send_Num     can.o
    0x0800086e   0x00000002   PAD
    0x08000870   0x0000007c   Code   RO          368    i.CAN1_Tx_Msg       can.o
    0x080008ec   0x00000064   Code   RO          369    i.CAN1_Tx_Staus     can.o
    0x08000950   0x000000cc   Code   RO         1900    i.CAN_FilterInit    stm32f4xx_can.o
    0x08000a1c   0x00000010   Code   RO         1906    i.CAN_ITConfig      stm32f4xx_can.o
    0x08000a2c   0x00000038   Code   RO          443    i.CAN_SEND          usartx.o
    0x08000a64   0x0000001c   Code   RO          444    i.Check_Sum         usartx.o
    0x08000a80   0x00000044   Code   RO         3819    i.Control_task      control.o
    0x08000ac4   0x00000034   Code   RO         3820    i.DIR_Init          control.o
    0x08000af8   0x00000002   Code   RO          244    i.DebugMon_Handler  stm32f4xx_it.o
    0x08000afa   0x00000078   Code   RO          977    i.GPIO_Init         stm32f4xx_gpio.o
    0x08000b72   0x00000020   Code   RO          978    i.GPIO_PinAFConfig  stm32f4xx_gpio.o
    0x08000b92   0x00000004   Code   RO          984    i.GPIO_ResetBits    stm32f4xx_gpio.o
    0x08000b96   0x00000004   Code   RO          985    i.GPIO_SetBits      stm32f4xx_gpio.o
    0x08000b9a   0x00000002   Code   RO          245    i.HardFault_Handler  stm32f4xx_it.o
    0x08000b9c   0x00000020   Code   RO          600    i.IWDG_Config       timer.o
    0x08000bbc   0x00000010   Code   RO         2726    i.IWDG_Enable       stm32f4xx_iwdg.o
    0x08000bcc   0x00000010   Code   RO         2728    i.IWDG_ReloadCounter  stm32f4xx_iwdg.o
    0x08000bdc   0x0000000c   Code   RO         2729    i.IWDG_SetPrescaler  stm32f4xx_iwdg.o
    0x08000be8   0x0000000c   Code   RO         2730    i.IWDG_SetReload    stm32f4xx_iwdg.o
    0x08000bf4   0x0000000c   Code   RO         2731    i.IWDG_WriteAccessCmd  stm32f4xx_iwdg.o
    0x08000c00   0x00000054   Code   RO          633    i.LED_Init          led.o
    0x08000c54   0x00000002   Code   RO          246    i.MemManage_Handler  stm32f4xx_it.o
    0x08000c56   0x00000002   Code   RO          247    i.NMI_Handler       stm32f4xx_it.o
    0x08000c58   0x00000064   Code   RO          932    i.NVIC_Init         misc.o
    0x08000cbc   0x00000014   Code   RO          933    i.NVIC_PriorityGroupConfig  misc.o
    0x08000cd0   0x0000002c   Code   RO          677    i.OLED_Clear        oled.o
    0x08000cfc   0x0000003c   Code   RO          680    i.OLED_DrawPoint    oled.o
    0x08000d38   0x0000012c   Code   RO          681    i.OLED_Init         oled.o
    0x08000e64   0x00000048   Code   RO          682    i.OLED_Refresh_Gram  oled.o
    0x08000eac   0x00000084   Code   RO          685    i.OLED_ShowChar     oled.o
    0x08000f30   0x00000078   Code   RO          686    i.OLED_ShowNumber   oled.o
    0x08000fa8   0x0000003e   Code   RO          687    i.OLED_ShowString   oled.o
    0x08000fe6   0x00000002   PAD
    0x08000fe8   0x00000044   Code   RO          688    i.OLED_WR_Byte      oled.o
    0x0800102c   0x0000000c   Code   RO         2604    i.PWR_BackupAccessCmd  stm32f4xx_pwr.o
    0x08001038   0x00000018   Code   RO         1074    i.RCC_AHB1PeriphClockCmd  stm32f4xx_rcc.o
    0x08001050   0x00000018   Code   RO         1083    i.RCC_APB1PeriphClockCmd  stm32f4xx_rcc.o
    0x08001068   0x00000018   Code   RO         1086    i.RCC_APB2PeriphClockCmd  stm32f4xx_rcc.o
    0x08001080   0x00000090   Code   RO         1095    i.RCC_GetClocksFreq  stm32f4xx_rcc.o
    0x08001110   0x0000001c   Code   RO         1104    i.RCC_LSEConfig     stm32f4xx_rcc.o
    0x0800112c   0x000001c8   Code   RO         3821    i.Remote_control    control.o
    0x080012f4   0x000000d4   Code   RO         3822    i.Ros_control       control.o
    0x080013c8   0x000000b4   Code   RO          322    i.SetSysClock       system_stm32f4xx.o
    0x0800147c   0x00000018   Code   RO          936    i.SysTick_CLKSourceConfig  misc.o
    0x08001494   0x00000014   Code   RO          786    i.SysTick_Handler   delay.o
    0x080014a8   0x0000005c   Code   RO          324    i.SystemInit        system_stm32f4xx.o
    0x08001504   0x00000014   Code   RO         2059    i.TIM_ARRPreloadConfig  stm32f4xx_tim.o
    0x08001518   0x00000014   Code   RO         2071    i.TIM_Cmd           stm32f4xx_tim.o
    0x0800152c   0x00000016   Code   RO         2073    i.TIM_CtrlPWMOutputs  stm32f4xx_tim.o
    0x08001542   0x00000002   PAD
    0x08001544   0x00000060   Code   RO         2100    i.TIM_OC1Init       stm32f4xx_tim.o
    0x080015a4   0x0000000c   Code   RO         2103    i.TIM_OC1PreloadConfig  stm32f4xx_tim.o
    0x080015b0   0x00000004   Code   RO         2133    i.TIM_SetCompare1   stm32f4xx_tim.o
    0x080015b4   0x0000007c   Code   RO         2143    i.TIM_TimeBaseInit  stm32f4xx_tim.o
    0x08001630   0x000000a4   Code   RO          601    i.Tim_PUL_Init      timer.o
    0x080016d4   0x00000004   Code   RO          445    i.UART4_IRQHandler  usartx.o
    0x080016d8   0x000000e8   Code   RO          860    i.UART5_IRQHandler  usart.o
    0x080017c0   0x00000004   Code   RO          447    i.USART1_IRQHandler  usartx.o
    0x080017c4   0x00000004   Code   RO          449    i.USART2_IRQHandler  usartx.o
    0x080017c8   0x00000090   Code   RO          451    i.USART3_IRQHandler  usartx.o
    0x08001858   0x00000014   Code   RO         1468    i.USART_Cmd         stm32f4xx_usart.o
    0x0800186c   0x0000003e   Code   RO         1472    i.USART_GetITStatus  stm32f4xx_usart.o
    0x080018aa   0x00000030   Code   RO         1474    i.USART_ITConfig    stm32f4xx_usart.o
    0x080018da   0x00000002   PAD
    0x080018dc   0x000000ac   Code   RO         1475    i.USART_Init        stm32f4xx_usart.o
    0x08001988   0x00000008   Code   RO         1482    i.USART_ReceiveData  stm32f4xx_usart.o
    0x08001990   0x00000002   Code   RO          248    i.UsageFault_Handler  stm32f4xx_it.o
    0x08001992   0x00000002   PAD
    0x08001994   0x00000024   Code   RO         3823    i.Variable_detection  control.o
    0x080019b8   0x00000020   Code   RO         4031    i.__0printf$3       mc_w.l(printf3.o)
    0x080019d8   0x0000000e   Code   RO         4248    i.__scatterload_copy  mc_w.l(handlers.o)
    0x080019e6   0x00000002   Code   RO         4249    i.__scatterload_null  mc_w.l(handlers.o)
    0x080019e8   0x0000000e   Code   RO         4250    i.__scatterload_zeroinit  mc_w.l(handlers.o)
    0x080019f6   0x00000002   PAD
    0x080019f8   0x000001b8   Code   RO         4038    i._printf_core      mc_w.l(printf3.o)
    0x08001bb0   0x00000028   Code   RO          453    i.data_task         usartx.o
    0x08001bd8   0x000000e0   Code   RO          454    i.data_transition   usartx.o
    0x08001cb8   0x00000038   Code   RO          787    i.delay_init        delay.o
    0x08001cf0   0x00000038   Code   RO          788    i.delay_ms          delay.o
    0x08001d28   0x00000034   Code   RO          789    i.delay_us          delay.o
    0x08001d5c   0x00000014   Code   RO          862    i.fputc             usart.o
    0x08001d70   0x0000001c   Code   RO          791    i.getSysTickCnt     delay.o
    0x08001d8c   0x00000024   Code   RO          602    i.iwdg_task         timer.o
    0x08001db0   0x00000058   Code   RO          635    i.led_task          led.o
    0x08001e08   0x00000038   Code   RO            3    i.main              main.o
    0x08001e40   0x00000010   Code   RO          689    i.oled_pow          oled.o
    0x08001e50   0x00000288   Code   RO         3871    i.oled_show         show.o
    0x080020d8   0x00000070   Code   RO         3196    i.prvAddCurrentTaskToDelayedList  tasks.o
    0x08002148   0x000000d0   Code   RO         3197    i.prvAddNewTaskToReadyList  tasks.o
    0x08002218   0x00000050   Code   RO         3549    i.prvCheckForValidListAndQueue  timers.o
    0x08002268   0x00000054   Code   RO         3198    i.prvCheckTasksWaitingTermination  tasks.o
    0x080022bc   0x00000026   Code   RO         2973    i.prvCopyDataFromQueue  queue.o
    0x080022e2   0x0000006c   Code   RO         2974    i.prvCopyDataToQueue  queue.o
    0x0800234e   0x00000014   Code   RO         3199    i.prvDeleteTCB      tasks.o
    0x08002362   0x00000002   PAD
    0x08002364   0x0000004c   Code   RO         3762    i.prvHeapInit       heap_4.o
    0x080023b0   0x00000028   Code   RO         3200    i.prvIdleTask       tasks.o
    0x080023d8   0x000000c0   Code   RO         3201    i.prvInitialiseNewTask  tasks.o
    0x08002498   0x0000004c   Code   RO         3763    i.prvInsertBlockIntoFreeList  heap_4.o
    0x080024e4   0x00000038   Code   RO         3550    i.prvInsertTimerInActiveList  timers.o
    0x0800251c   0x0000001a   Code   RO         2975    i.prvIsQueueEmpty   queue.o
    0x08002536   0x00000002   PAD
    0x08002538   0x00000090   Code   RO         2976    i.prvNotifyQueueSetContainer  queue.o
    0x080025c8   0x00000060   Code   RO         3551    i.prvProcessExpiredTimer  timers.o
    0x08002628   0x000000f0   Code   RO         3552    i.prvProcessReceivedCommands  timers.o
    0x08002718   0x0000006c   Code   RO         3553    i.prvProcessTimerOrBlockTask  timers.o
    0x08002784   0x00000020   Code   RO         3203    i.prvResetNextTaskUnblockTime  tasks.o
    0x080027a4   0x00000028   Code   RO         3554    i.prvSampleTimeNow  timers.o
    0x080027cc   0x0000006c   Code   RO         3555    i.prvSwitchTimerLists  timers.o
    0x08002838   0x00000064   Code   RO         3678    i.prvTaskExitError  port.o
    0x0800289c   0x00000014   Code   RO         2806    i.prvTestWaitCondition  event_groups.o
    0x080028b0   0x00000028   Code   RO         3556    i.prvTimerTask      timers.o
    0x080028d8   0x00000078   Code   RO         2977    i.prvUnlockQueue    queue.o
    0x08002950   0x00000114   Code   RO         3764    i.pvPortMalloc      heap_4.o
    0x08002a64   0x00000018   Code   RO         3205    i.pvTaskIncrementMutexHeldCount  tasks.o
    0x08002a7c   0x0000002c   Code   RO         3679    i.pxPortInitialiseStack  port.o
    0x08002aa8   0x00000044   Code   RO          863    i.sbus_to           usart.o
    0x08002aec   0x000000a8   Code   RO         3872    i.show_task         show.o
    0x08002b94   0x000000d4   Code   RO            4    i.start_task        main.o
    0x08002c68   0x0000005c   Code   RO         3904    i.systemInit        system.o
    0x08002cc4   0x000000a8   Code   RO          864    i.uart5_init        usart.o
    0x08002d6c   0x00000104   Code   RO          865    i.update_sbus       usart.o
    0x08002e70   0x000000ac   Code   RO          457    i.usart1_init       usartx.o
    0x08002f1c   0x000000b0   Code   RO          461    i.usart3_init       usartx.o
    0x08002fcc   0x00000014   Code   RO          462    i.usart3_send       usartx.o
    0x08002fe0   0x00000024   Code   RO         2928    i.uxListRemove      list.o
    0x08003004   0x00000018   Code   RO         3212    i.uxTaskResetEventItemValue  tasks.o
    0x0800301c   0x00000016   Code   RO         2929    i.vListInitialise   list.o
    0x08003032   0x00000006   Code   RO         2930    i.vListInitialiseItem  list.o
    0x08003038   0x00000030   Code   RO         2931    i.vListInsert       list.o
    0x08003068   0x00000018   Code   RO         2932    i.vListInsertEnd    list.o
    0x08003080   0x00000078   Code   RO         3681    i.vPortEnterCritical  port.o
    0x080030f8   0x00000064   Code   RO         3682    i.vPortExitCritical  port.o
    0x0800315c   0x0000009c   Code   RO         3765    i.vPortFree         heap_4.o
    0x080031f8   0x00000020   Code   RO         3683    i.vPortSetupTimerInterrupt  port.o
    0x08003218   0x0000008c   Code   RO         3684    i.vPortValidateInterruptPriority  port.o
    0x080032a4   0x00000024   Code   RO         2983    i.vQueueAddToRegistry  queue.o
    0x080032c8   0x00000044   Code   RO         2987    i.vQueueWaitForMessageRestricted  queue.o
    0x0800330c   0x0000006c   Code   RO         3213    i.vTaskDelay        tasks.o
    0x08003378   0x000000ac   Code   RO         3214    i.vTaskDelayUntil   tasks.o
    0x08003424   0x000000cc   Code   RO         3215    i.vTaskDelete       tasks.o
    0x080034f0   0x0000000c   Code   RO         3219    i.vTaskMissedYield  tasks.o
    0x080034fc   0x00000054   Code   RO         3221    i.vTaskPlaceOnEventList  tasks.o
    0x08003550   0x0000005c   Code   RO         3222    i.vTaskPlaceOnEventListRestricted  tasks.o
    0x080035ac   0x00000070   Code   RO         3223    i.vTaskPlaceOnUnorderedEventList  tasks.o
    0x0800361c   0x00000084   Code   RO         3224    i.vTaskPriorityInherit  tasks.o
    0x080036a0   0x00000048   Code   RO         3228    i.vTaskSetTimeOutState  tasks.o
    0x080036e8   0x00000094   Code   RO         3229    i.vTaskStartScheduler  tasks.o
    0x0800377c   0x00000010   Code   RO         3231    i.vTaskSuspendAll   tasks.o
    0x0800378c   0x0000007c   Code   RO         3232    i.vTaskSwitchContext  tasks.o
    0x08003808   0x0000001a   Code   RO         2813    i.xEventGroupCreate  event_groups.o
    0x08003822   0x00000002   PAD
    0x08003824   0x000000b0   Code   RO         2815    i.xEventGroupSetBits  event_groups.o
    0x080038d4   0x00000120   Code   RO         2818    i.xEventGroupWaitBits  event_groups.o
    0x080039f4   0x00000114   Code   RO         3685    i.xPortStartScheduler  port.o
    0x08003b08   0x0000002c   Code   RO         3686    i.xPortSysTickHandler  port.o
    0x08003b34   0x00000078   Code   RO         2992    i.xQueueGenericCreate  queue.o
    0x08003bac   0x00000184   Code   RO         2993    i.xQueueGenericReceive  queue.o
    0x08003d30   0x000000a8   Code   RO         2994    i.xQueueGenericReset  queue.o
    0x08003dd8   0x00000188   Code   RO         2995    i.xQueueGenericSend  queue.o
    0x08003f60   0x000000e0   Code   RO         2996    i.xQueueGenericSendFromISR  queue.o
    0x08004040   0x00000088   Code   RO         3233    i.xTaskCheckForTimeOut  tasks.o
    0x080040c8   0x00000056   Code   RO         3234    i.xTaskCreate       tasks.o
    0x0800411e   0x00000002   PAD
    0x08004120   0x0000001c   Code   RO         3238    i.xTaskGetSchedulerState  tasks.o
    0x0800413c   0x0000000c   Code   RO         3239    i.xTaskGetTickCount  tasks.o
    0x08004148   0x000000e8   Code   RO         3241    i.xTaskIncrementTick  tasks.o
    0x08004230   0x000000b4   Code   RO         3244    i.xTaskPriorityDisinherit  tasks.o
    0x080042e4   0x00000098   Code   RO         3245    i.xTaskRemoveFromEventList  tasks.o
    0x0800437c   0x00000098   Code   RO         3246    i.xTaskRemoveFromUnorderedEventList  tasks.o
    0x08004414   0x000000e4   Code   RO         3247    i.xTaskResumeAll    tasks.o
    0x080044f8   0x00000074   Code   RO         3559    i.xTimerCreate      timers.o
    0x0800456c   0x00000074   Code   RO         3560    i.xTimerCreateTimerTask  timers.o
    0x080045e0   0x00000090   Code   RO         3561    i.xTimerGenericCommand  timers.o
    0x08004670   0x000014a4   Data   RO          692    .constdata          oled.o
    0x08005b14   0x00000020   Data   RO         4246    Region$$Table       anon$$obj.o


    Execution Region RW_IRAM1 (Base: 0x20000000, Size: 0x00005da8, Max: 0x00020000, ABSOLUTE)

    Base Addr    Size         Type   Attr      Idx    E Section Name        Object

    0x20000000   0x00000008   Data   RW            5    .data               main.o
    0x20000008   0x00000014   Data   RW          325    .data               system_stm32f4xx.o
    0x2000001c   0x00000001   Data   RW          465    .data               usartx.o
    0x2000001d   0x00000003   PAD
    0x20000020   0x00000008   Data   RW          636    .data               led.o
    0x20000028   0x00000008   Data   RW          792    .data               delay.o
    0x20000030   0x00000002   Data   RW          867    .data               usart.o
    0x20000032   0x00000002   PAD
    0x20000034   0x00000004   Data   RW          868    .data               usart.o
    0x20000038   0x00000010   Data   RW         1127    .data               stm32f4xx_rcc.o
    0x20000048   0x0000003c   Data   RW         3250    .data               tasks.o
    0x20000084   0x00000014   Data   RW         3569    .data               timers.o
    0x20000098   0x0000000c   Data   RW         3687    .data               port.o
    0x200000a4   0x00000018   Data   RW         3770    .data               heap_4.o
    0x200000bc   0x00000004   Data   RW         3825    .data               control.o
    0x200000c0   0x00000001   Data   RW         3826    .data               control.o
    0x200000c1   0x00000003   PAD
    0x200000c4   0x00000010   Data   RW         3873    .data               show.o
    0x200000d4   0x00000001   Data   RW         3905    .data               system.o
    0x200000d5   0x00000003   PAD
    0x200000d8   0x00000051   Zero   RW          463    .bss                usartx.o
    0x20000129   0x00000003   PAD
    0x2000012c   0x0000040c   Zero   RW          691    .bss                oled.o
    0x20000538   0x00000102   Zero   RW          866    .bss                usart.o
    0x2000063a   0x00000002   PAD
    0x2000063c   0x00000040   Zero   RW         3007    .bss                queue.o
    0x2000067c   0x000002e4   Zero   RW         3249    .bss                tasks.o
    0x20000960   0x00000028   Zero   RW         3568    .bss                timers.o
    0x20000988   0x00005000   Zero   RW         3769    .bss                heap_4.o
    0x20005988   0x00000020   Zero   RW         3824    .bss                control.o
    0x200059a8   0x00000400   Zero   RW          923    STACK               startup_stm32f40_41xxx.o


==============================================================================

Image component sizes


      Code (inc. data)   RO Data    RW Data    ZI Data      Debug   Object Name

       970         42          0          0          0       5267   can.o
       824         68          0          5         32       4025   control.o
       212         18          0          8          0       2989   delay.o
       510         92          0          0          0      14143   event_groups.o
       584        138          0         24      20480       3979   heap_4.o
       224         30          0          8          0       2180   led.o
       136          0          0          0          0       2982   list.o
       268        112          0          8          0     306646   main.o
       144         14          0          0          0       1981   misc.o
       874         40       5284          0       1036       7534   oled.o
      1038        382          0         12          0      10549   port.o
      1832        236          0          0         64      12849   queue.o
       816        140          0         16          0       1859   show.o
        36          8        392          0       1024        816   startup_stm32f40_41xxx.o
       220         10          0          0          0       2272   stm32f4xx_can.o
       160          0          0          0          0       2683   stm32f4xx_gpio.o
        12          0          0          0          0       2581   stm32f4xx_it.o
        68         30          0          0          0       2394   stm32f4xx_iwdg.o
        12          6          0          0          0        486   stm32f4xx_pwr.o
       244         36          0         16          0       5043   stm32f4xx_rcc.o
       298         36          0          0          0       5763   stm32f4xx_tim.o
       310          8          0          0          0       4230   stm32f4xx_usart.o
        92          4          0          1          0        728   system.o
       272         36          0         20          0       1689   system_stm32f4xx.o
      3218        802          0         60        740      31842   tasks.o
       232          8          0          0          0       1685   timer.o
      1144        260          0         20         40       9530   timers.o
       748         46          0          6        258       5238   usart.o
       872         52          0          1         81       7991   usartx.o

    ----------------------------------------------------------------------
     16390       2654       5708        216      23760     461954   Object Totals
         0          0         32          0          0          0   (incl. Generated)
        20          0          0         11          5          0   (incl. Padding)

    ----------------------------------------------------------------------

      Code (inc. data)   RO Data    RW Data    ZI Data      Debug   Library Member Name

         0          0          0          0          0          0   entry.o
         0          0          0          0          0          0   entry10a.o
         0          0          0          0          0          0   entry11a.o
         8          4          0          0          0          0   entry2.o
         4          0          0          0          0          0   entry5.o
         0          0          0          0          0          0   entry7b.o
         0          0          0          0          0          0   entry8b.o
         8          4          0          0          0          0   entry9a.o
        30          0          0          0          0          0   handlers.o
        36          8          0          0          0         68   init.o
         0          0          0          0          0          0   iusefp.o
        30          0          0          0          0         68   llshl.o
        32          0          0          0          0         68   llushr.o
        36          0          0          0          0         68   memcpya.o
        36          0          0          0          0        108   memseta.o
       472         14          0          0          0        184   printf3.o
        44          0          0          0          0         80   uidiv.o
       186          0          0          0          0        176   depilogue.o
        62          0          0          0          0         80   dfixi.o
        34          0          0          0          0         76   dflti.o
       228          0          0          0          0         96   dmul.o

    ----------------------------------------------------------------------
      1250         30          0          0          0       1072   Library Totals
         4          0          0          0          0          0   (incl. Padding)

    ----------------------------------------------------------------------

      Code (inc. data)   RO Data    RW Data    ZI Data      Debug   Library Name

       736         30          0          0          0        644   mc_w.l
       510          0          0          0          0        428   mf_w.l

    ----------------------------------------------------------------------
      1250         30          0          0          0       1072   Library Totals

    ----------------------------------------------------------------------

==============================================================================


      Code (inc. data)   RO Data    RW Data    ZI Data      Debug   

     17640       2684       5708        216      23760     446710   Grand Totals
     17640       2684       5708        216      23760     446710   ELF Image Totals
     17640       2684       5708        216          0          0   ROM Totals

==============================================================================

    Total RO  Size (Code + RO Data)                23348 (  22.80kB)
    Total RW  Size (RW Data + ZI Data)             23976 (  23.41kB)
    Total ROM Size (Code + RO Data + RW Data)      23564 (  23.01kB)

==============================================================================

